[cikarocomel.blogspot.com/2015/12/kellies-castle-ipoh.html]
[backblue.gif]
[fade.gif]
[index.html]
[blogger.googleusercontent.com/img/b/R29vZ2xl/AVvXsEh-KZKtnNXAvdcTMeikyi1r0YH-T1kE_4DT61YEsrv/s640/20151219_181329.jpg]
[maxcdn.bootstrapcdn.com/font-awesome/4.1.0/css/font-awesome.min.css]
[blogger.googleusercontent.com/img/b/R29vZ2xl/AVvXsEjiMucU0zx0jmCcsQHeppWVL4FH4ZqB846XrAa-3hh/s1600/gravatar.png]
[blogger.googleusercontent.com/img/b/R29vZ2xl/AVvXsEjHgQk31t0X7BXPj2_ujYTd-02wKohTHJIE3nI0tWs/s1600/search.png]
[ajax.googleapis.com/ajax/libs/jquery/1.7.2/jquery.min.js]
[blogger.googleusercontent.com/img/b/R29vZ2xl/AVvXsEg1X5QkeF-TNkvFq32sawdLK14w8eEMT2lExBd1Ka5/s1600/Untitleheadderd-1.png]
[blogger.googleusercontent.com/img/b/R29vZ2xl/AVvXsEh-KZKtnNXAvdcTMeikyi1r0YH-T1kE_4DT61YEsrv/s1600/20151219_181329.jpg]
[blogger.googleusercontent.com/img/b/R29vZ2xl/AVvXsEiPM272rQYHzu-920ZZSB32HQ0h7nWLnbkiV1lU8k4/s1600/IMG_6046.JPG]
[blogger.googleusercontent.com/img/b/R29vZ2xl/AVvXsEiPM272rQYHzu-920ZZSB32HQ0h7nWLnbkiV1lU8k4/s640/IMG_6046.JPG]
[blogger.googleusercontent.com/img/b/R29vZ2xl/AVvXsEhxFs5SbESqQVxoPMDAQDV7lh0kN2ybLX02QhkYxG1/s1600/William Kellie Smith.jpg]
[blogger.googleusercontent.com/img/b/R29vZ2xl/AVvXsEhxFs5SbESqQVxoPMDAQDV7lh0kN2ybLX02QhkYxG1/s640/William Kellie Smith.jpg]
[blogger.googleusercontent.com/img/b/R29vZ2xl/AVvXsEgw-cbOBP7WFI67kwkN6TIVveHHylhSPbaeJX-ou5n/s1600/Kellie Castle-6_thumb[1].jpg]
[blogger.googleusercontent.com/img/b/R29vZ2xl/AVvXsEgw-cbOBP7WFI67kwkN6TIVveHHylhSPbaeJX-ou5n/s400/Kellie Castle-6_thumb[1].jpg]
[blogger.googleusercontent.com/img/b/R29vZ2xl/AVvXsEifUd57bdSaxLqjgVfAJ17jCZY6T-Dv9w_sghLITou/s1600/images.jpg]
[blogger.googleusercontent.com/img/b/R29vZ2xl/AVvXsEifUd57bdSaxLqjgVfAJ17jCZY6T-Dv9w_sghLITou/s640/images.jpg]
[blogger.googleusercontent.com/img/b/R29vZ2xl/AVvXsEixhcDjPnGlpyguvoTpok_P5E-Hrh9hlszd1yKE-Mv/s1600/maxresdefault.jpg]
[blogger.googleusercontent.com/img/b/R29vZ2xl/AVvXsEixhcDjPnGlpyguvoTpok_P5E-Hrh9hlszd1yKE-Mv/s640/maxresdefault.jpg]
[blogger.googleusercontent.com/img/b/R29vZ2xl/AVvXsEjnSasbwe-7rsDh7A3oXmzBr2nUdoQTdJSLaIJz-9A/s1600/IMG-20151219-WA0038.jpg]
[blogger.googleusercontent.com/img/b/R29vZ2xl/AVvXsEjnSasbwe-7rsDh7A3oXmzBr2nUdoQTdJSLaIJz-9A/s640/IMG-20151219-WA0038.jpg]
[blogger.googleusercontent.com/img/b/R29vZ2xl/AVvXsEidQzKEA4wyH2OA5OKG9-CPLijzz0WqYHFb8ma2eu_/s1600/IMG-20151219-WA0002.jpg]
[blogger.googleusercontent.com/img/b/R29vZ2xl/AVvXsEgkq354-fTwMzFPcGMHvx_zoQjHZ3XZ0qucYGKbRCb/s1600/IMG-20151219-WA0003.jpg]
[blogger.googleusercontent.com/img/b/R29vZ2xl/AVvXsEgkq354-fTwMzFPcGMHvx_zoQjHZ3XZ0qucYGKbRCb/s640/IMG-20151219-WA0003.jpg]
[blogger.googleusercontent.com/img/b/R29vZ2xl/AVvXsEiBY7mK9d1RpSMQ5MyCcK8V7EETfvsevYM_IAK_y0-/s1600/IMG-20151219-WA0005.jpg]
[blogger.googleusercontent.com/img/b/R29vZ2xl/AVvXsEiBY7mK9d1RpSMQ5MyCcK8V7EETfvsevYM_IAK_y0-/s640/IMG-20151219-WA0005.jpg]
[blogger.googleusercontent.com/img/b/R29vZ2xl/AVvXsEidQzKEA4wyH2OA5OKG9-CPLijzz0WqYHFb8ma2eu_/s640/IMG-20151219-WA0002.jpg]
[blogger.googleusercontent.com/img/b/R29vZ2xl/AVvXsEitDSncjtu4DYGLkj_hlxFYUYENQzyLXiSVYaQdZ3N/s1600/IMG-20151219-WA0014.jpg]
[blogger.googleusercontent.com/img/b/R29vZ2xl/AVvXsEitDSncjtu4DYGLkj_hlxFYUYENQzyLXiSVYaQdZ3N/s640/IMG-20151219-WA0014.jpg]
[blogger.googleusercontent.com/img/b/R29vZ2xl/AVvXsEjRGpfWu3OGhanbKzxG1w2sPMP6mAEpz0iDlnaOmWn/s1600/IMG-20151219-WA0013.jpg]
[blogger.googleusercontent.com/img/b/R29vZ2xl/AVvXsEjRGpfWu3OGhanbKzxG1w2sPMP6mAEpz0iDlnaOmWn/s640/IMG-20151219-WA0013.jpg]
[blogger.googleusercontent.com/img/b/R29vZ2xl/AVvXsEgDZtpVTihXn5UXyVrrIWN0AHK2MK9PfTQJ0St6lpD/s1600/IMG-20151219-WA0015.jpg]
[blogger.googleusercontent.com/img/b/R29vZ2xl/AVvXsEgDZtpVTihXn5UXyVrrIWN0AHK2MK9PfTQJ0St6lpD/s640/IMG-20151219-WA0015.jpg]
[blogger.googleusercontent.com/img/b/R29vZ2xl/AVvXsEj6cSluIUwvLPfvr6WKh-apaYMGvkGzeR5igWZW2kQ/s1600/IMG-20151219-WA0021.jpg]
[blogger.googleusercontent.com/img/b/R29vZ2xl/AVvXsEj6cSluIUwvLPfvr6WKh-apaYMGvkGzeR5igWZW2kQ/s640/IMG-20151219-WA0021.jpg]
[blogger.googleusercontent.com/img/b/R29vZ2xl/AVvXsEgKwLGJzCG4xjZQPCM4YYJ4Q2T-N0Y1ytRTRsgvI9k/s1600/IMG-20151219-WA0022.jpg]
[blogger.googleusercontent.com/img/b/R29vZ2xl/AVvXsEgKwLGJzCG4xjZQPCM4YYJ4Q2T-N0Y1ytRTRsgvI9k/s640/IMG-20151219-WA0022.jpg]
[blogger.googleusercontent.com/img/b/R29vZ2xl/AVvXsEhwfbj7xuqleg6JbQG7uo_OLkSY19CGV5g5K_ADUu4/s1600/IMG-20151219-WA0023.jpg]
[blogger.googleusercontent.com/img/b/R29vZ2xl/AVvXsEhwfbj7xuqleg6JbQG7uo_OLkSY19CGV5g5K_ADUu4/s640/IMG-20151219-WA0023.jpg]
[blogger.googleusercontent.com/img/b/R29vZ2xl/AVvXsEg-21Ov1LixRJEtYY44RU2j0F0Gpuub_7MBbljcY26/s1600/IMG-20151219-WA0034.jpg]
[blogger.googleusercontent.com/img/b/R29vZ2xl/AVvXsEg-21Ov1LixRJEtYY44RU2j0F0Gpuub_7MBbljcY26/s640/IMG-20151219-WA0034.jpg]
[blogger.googleusercontent.com/img/b/R29vZ2xl/AVvXsEg3f4Wr3eZ28ndkD4tV2V2vBqJWxtILkf0_VMRqISS/s1600/IMG-20151219-WA0024.jpg]
[blogger.googleusercontent.com/img/b/R29vZ2xl/AVvXsEg3f4Wr3eZ28ndkD4tV2V2vBqJWxtILkf0_VMRqISS/s640/IMG-20151219-WA0024.jpg]
[blogger.googleusercontent.com/img/b/R29vZ2xl/AVvXsEgCf5g_w3YDmQsE1E9UUi9BUnC2CRZXXdvVSGJZeVO/s1600/IMG-20151219-WA0025.jpg]
[blogger.googleusercontent.com/img/b/R29vZ2xl/AVvXsEgCf5g_w3YDmQsE1E9UUi9BUnC2CRZXXdvVSGJZeVO/s640/IMG-20151219-WA0025.jpg]
[blogger.googleusercontent.com/img/b/R29vZ2xl/AVvXsEgG2WOT7iJfnt5EKJwmsJLe2bm_L0Yt7dHzxvtaJ64/s1600/20151219_134647.jpg]
[blogger.googleusercontent.com/img/b/R29vZ2xl/AVvXsEgG2WOT7iJfnt5EKJwmsJLe2bm_L0Yt7dHzxvtaJ64/s640/20151219_134647.jpg]
[blogger.googleusercontent.com/img/b/R29vZ2xl/AVvXsEgFVSWZLMSPThSzGJIJ-vZhgwhv-xrUm6VaOHHKRG5/s1600/20151219_134652.jpg]
[blogger.googleusercontent.com/img/b/R29vZ2xl/AVvXsEgFVSWZLMSPThSzGJIJ-vZhgwhv-xrUm6VaOHHKRG5/s640/20151219_134652.jpg]
[blogger.googleusercontent.com/img/b/R29vZ2xl/AVvXsEhAwvWE_WOLveUQc4NxxKqc9Vm8p3iX6SZRNu3W2Jx/s1600/20151219_182001.jpg]
[blogger.googleusercontent.com/img/b/R29vZ2xl/AVvXsEhAwvWE_WOLveUQc4NxxKqc9Vm8p3iX6SZRNu3W2Jx/s640/20151219_182001.jpg]
[blogger.googleusercontent.com/img/b/R29vZ2xl/AVvXsEis9tnfG7eOPS33UeFT6GVgMbqYFpsmEnUE8jVVZEs/s1600/20151219_173512.jpg]
[blogger.googleusercontent.com/img/b/R29vZ2xl/AVvXsEis9tnfG7eOPS33UeFT6GVgMbqYFpsmEnUE8jVVZEs/s640/20151219_173512.jpg]
[blogger.googleusercontent.com/img/b/R29vZ2xl/AVvXsEjdMnbxM_A6JYET7IcovxaqjKPf5Hr_AoEKStvJq6o/s1600/20151219_161957.jpg]
[blogger.googleusercontent.com/img/b/R29vZ2xl/AVvXsEjdMnbxM_A6JYET7IcovxaqjKPf5Hr_AoEKStvJq6o/s640/20151219_161957.jpg]
[blogger.googleusercontent.com/img/b/R29vZ2xl/AVvXsEjjOfwIvFoezeYqTmdogXxTZrLs8WgfTg8gNmDr4JV/s1600/20151219_162011.jpg]
[blogger.googleusercontent.com/img/b/R29vZ2xl/AVvXsEjjOfwIvFoezeYqTmdogXxTZrLs8WgfTg8gNmDr4JV/s640/20151219_162011.jpg]
[blogger.googleusercontent.com/img/b/R29vZ2xl/AVvXsEj-u1Q3GNilMBu_0XSY0p1Br2vhfAwFE9D_c2MubSU/s1600/IMG-20151219-WA0050.jpg]
[blogger.googleusercontent.com/img/b/R29vZ2xl/AVvXsEj-u1Q3GNilMBu_0XSY0p1Br2vhfAwFE9D_c2MubSU/s640/IMG-20151219-WA0050.jpg]
[blogger.googleusercontent.com/img/b/R29vZ2xl/AVvXsEj0clajM-avVV-Ibn3efAN6RzYEnaSztNsUefnKB1B/s1600/IMG-20151219-WA0053.jpg]
[blogger.googleusercontent.com/img/b/R29vZ2xl/AVvXsEj0clajM-avVV-Ibn3efAN6RzYEnaSztNsUefnKB1B/s640/IMG-20151219-WA0053.jpg]
[blogger.googleusercontent.com/img/b/R29vZ2xl/AVvXsEhT4Q_YiNHFdzk9K0tGZdFBVCM35qdCbyJmk16vtNa/s1600/IMG-20151219-WA0058.jpg]
[blogger.googleusercontent.com/img/b/R29vZ2xl/AVvXsEhT4Q_YiNHFdzk9K0tGZdFBVCM35qdCbyJmk16vtNa/s640/IMG-20151219-WA0058.jpg]
[blogger.googleusercontent.com/img/b/R29vZ2xl/AVvXsEinQlVnHC9oljeVqiV_erjvcAeyVogZF7VuluCFC3D/s1600/IMG-20151219-WA0059.jpg]
[blogger.googleusercontent.com/img/b/R29vZ2xl/AVvXsEinQlVnHC9oljeVqiV_erjvcAeyVogZF7VuluCFC3D/s640/IMG-20151219-WA0059.jpg]
[blogger.googleusercontent.com/img/b/R29vZ2xl/AVvXsEhFeKkDRFWu34u9OoX7xZyZhPJUFky_hmvpjmbBTHA/s1600/IMG-20151219-WA0051.jpg]
[blogger.googleusercontent.com/img/b/R29vZ2xl/AVvXsEhFeKkDRFWu34u9OoX7xZyZhPJUFky_hmvpjmbBTHA/s640/IMG-20151219-WA0051.jpg]
[blogger.googleusercontent.com/img/b/R29vZ2xl/AVvXsEgdFGGfSya__lc8OmvoIVIzXfCJd55FOWNul7fSi_O/s1600/IMG-20151219-WA0049.jpg]
[blogger.googleusercontent.com/img/b/R29vZ2xl/AVvXsEgdFGGfSya__lc8OmvoIVIzXfCJd55FOWNul7fSi_O/s640/IMG-20151219-WA0049.jpg]
[blogger.googleusercontent.com/img/b/R29vZ2xl/AVvXsEh_xWeXB3fD6Kzq19kE4CPfdR4_iGCD9a7PXOV2vVX/s1600/IMG-20151219-WA0060.jpg]
[blogger.googleusercontent.com/img/b/R29vZ2xl/AVvXsEh_xWeXB3fD6Kzq19kE4CPfdR4_iGCD9a7PXOV2vVX/s640/IMG-20151219-WA0060.jpg]
[blogger.googleusercontent.com/img/b/R29vZ2xl/AVvXsEii5LHujwRpgkRi7FiCOz7zAZJc-9G5Dhyphenhyph/s1600/IMG-20151219-WA0057.jpg]
[blogger.googleusercontent.com/img/b/R29vZ2xl/AVvXsEii5LHujwRpgkRi7FiCOz7zAZJc-9G5Dhyphenhyph/s640/IMG-20151219-WA0057.jpg]
[blogger.googleusercontent.com/img/b/R29vZ2xl/AVvXsEg2Vw39WGTHUysk-sbQYyI-4GXHKczc9VFR5fYIZZp/s1600/20151219_190741.jpg]
[blogger.googleusercontent.com/img/b/R29vZ2xl/AVvXsEg2Vw39WGTHUysk-sbQYyI-4GXHKczc9VFR5fYIZZp/s640/20151219_190741.jpg]
[blogger.googleusercontent.com/img/b/R29vZ2xl/AVvXsEinT7afWIuzlIbAEAgCXLwGx3RsZaxhhrEupOgqoPm/s1600/20151219_191236.jpg]
[blogger.googleusercontent.com/img/b/R29vZ2xl/AVvXsEinT7afWIuzlIbAEAgCXLwGx3RsZaxhhrEupOgqoPm/s640/20151219_191236.jpg]
[blogger.googleusercontent.com/img/b/R29vZ2xl/AVvXsEhoHlK0PbNrcUg2Iy5qUR3hgLd9pd58P_TIsmB117s/s1600/20151219_191847.jpg]
[blogger.googleusercontent.com/img/b/R29vZ2xl/AVvXsEhoHlK0PbNrcUg2Iy5qUR3hgLd9pd58P_TIsmB117s/s640/20151219_191847.jpg]
[blogger.googleusercontent.com/img/b/R29vZ2xl/AVvXsEjHWYqNxX7Q-Oim648L1ihRrFmZnZe-X16EGmjS-KN/s1600/20151219_192110.jpg]
[blogger.googleusercontent.com/img/b/R29vZ2xl/AVvXsEjHWYqNxX7Q-Oim648L1ihRrFmZnZe-X16EGmjS-KN/s640/20151219_192110.jpg]
[blogger.googleusercontent.com/img/b/R29vZ2xl/AVvXsEguf9MbpBYewb6q9t2E1Di1C0FOjNn2trEDppUFGdm/s1600/20151219_190917.jpg]
[blogger.googleusercontent.com/img/b/R29vZ2xl/AVvXsEguf9MbpBYewb6q9t2E1Di1C0FOjNn2trEDppUFGdm/s640/20151219_190917.jpg]
[blogger.googleusercontent.com/img/b/R29vZ2xl/AVvXsEjsu7fvFZ8_GVMQYG1kplsUNiee9tYzx_SgCqMZHTE/s1600/20151219_193536.jpg]
[blogger.googleusercontent.com/img/b/R29vZ2xl/AVvXsEjsu7fvFZ8_GVMQYG1kplsUNiee9tYzx_SgCqMZHTE/s640/20151219_193536.jpg]
[blogger.googleusercontent.com/img/b/R29vZ2xl/AVvXsEgLxOF83VThDYEm3vyBACEL0AWqAPNO_-L5XqzJZs-/s1600/IMG-20151219-WA0061.jpg]
[blogger.googleusercontent.com/img/b/R29vZ2xl/AVvXsEgLxOF83VThDYEm3vyBACEL0AWqAPNO_-L5XqzJZs-/s640/IMG-20151219-WA0061.jpg]
[blogger.googleusercontent.com/img/b/R29vZ2xl/AVvXsEiKdOJaJzoGb7w1AEO5o9uWGaFNWxBcx1wtWMYCYs9/s1600/20151220_074334.jpg]
[blogger.googleusercontent.com/img/b/R29vZ2xl/AVvXsEiKdOJaJzoGb7w1AEO5o9uWGaFNWxBcx1wtWMYCYs9/s640/20151220_074334.jpg]
[blogger.googleusercontent.com/img/b/R29vZ2xl/AVvXsEil7RGMwCzbd5sqUoev3i9zrWv9ZKdksNJsknJE33c/s1600/20151220_074339.jpg]
[blogger.googleusercontent.com/img/b/R29vZ2xl/AVvXsEil7RGMwCzbd5sqUoev3i9zrWv9ZKdksNJsknJE33c/s640/20151220_074339.jpg]
[blogger.googleusercontent.com/img/b/R29vZ2xl/AVvXsEhSNVTtb4cY1ajqa6HOLOj75PuROb1UtuWGT7XA54Z/s1600/20151220_075654.jpg]
[blogger.googleusercontent.com/img/b/R29vZ2xl/AVvXsEhSNVTtb4cY1ajqa6HOLOj75PuROb1UtuWGT7XA54Z/s640/20151220_075654.jpg]
[blogger.googleusercontent.com/img/b/R29vZ2xl/AVvXsEgXvKE3UgM0dwUFlwAHsRgPZS8R8oPC1JnrjBiBoQD/s1600/20151220_075705.jpg]
[blogger.googleusercontent.com/img/b/R29vZ2xl/AVvXsEgXvKE3UgM0dwUFlwAHsRgPZS8R8oPC1JnrjBiBoQD/s640/20151220_075705.jpg]
[blogger.googleusercontent.com/img/b/R29vZ2xl/AVvXsEjtqNBG1lfb5ZesBiP8TU4Sea2V77TJ0a4ZH9JeU6-/s1600/20151220_080737.jpg]
[blogger.googleusercontent.com/img/b/R29vZ2xl/AVvXsEjtqNBG1lfb5ZesBiP8TU4Sea2V77TJ0a4ZH9JeU6-/s640/20151220_080737.jpg]
[blogger.googleusercontent.com/img/b/R29vZ2xl/AVvXsEhXQlmhHSA8yLSa9WDXdDv4YkUTH16bGRylpO6MebL/s1600/IMG-20151220-WA0002.jpg]
[blogger.googleusercontent.com/img/b/R29vZ2xl/AVvXsEhXQlmhHSA8yLSa9WDXdDv4YkUTH16bGRylpO6MebL/s640/IMG-20151220-WA0002.jpg]
[blogger.googleusercontent.com/img/b/R29vZ2xl/AVvXsEi9fI3VS5UQnWjJs5_TOeppqkxMc9Ev4PG_bMDEwA9/s1600/IMG-20151220-WA0004.jpg]
[blogger.googleusercontent.com/img/b/R29vZ2xl/AVvXsEi9fI3VS5UQnWjJs5_TOeppqkxMc9Ev4PG_bMDEwA9/s640/IMG-20151220-WA0004.jpg]
[blogger.googleusercontent.com/img/b/R29vZ2xl/AVvXsEinLOhFjKPISwhyOo91XMqJlryAMfxngH0Akx3ngPu/s1600/20151220_111507.jpg]
[blogger.googleusercontent.com/img/b/R29vZ2xl/AVvXsEinLOhFjKPISwhyOo91XMqJlryAMfxngH0Akx3ngPu/s640/20151220_111507.jpg]
[blogger.googleusercontent.com/img/b/R29vZ2xl/AVvXsEjXu1XuH9Xs1uTgSVBYHMgbNky7ofQzKF7nb2DufTU/s1600/IMG-20151220-WA0007.jpg]
[blogger.googleusercontent.com/img/b/R29vZ2xl/AVvXsEjXu1XuH9Xs1uTgSVBYHMgbNky7ofQzKF7nb2DufTU/s640/IMG-20151220-WA0007.jpg]
[blogger.googleusercontent.com/img/b/R29vZ2xl/AVvXsEjOtYt8-LP-E0fue4eNU2YdDU7WJkjyNxc6fO46V7i/s1600/IMG-20151220-WA0009.jpg]
[blogger.googleusercontent.com/img/b/R29vZ2xl/AVvXsEjOtYt8-LP-E0fue4eNU2YdDU7WJkjyNxc6fO46V7i/s640/IMG-20151220-WA0009.jpg]
[blogger.googleusercontent.com/img/b/R29vZ2xl/AVvXsEgunrlZsXj040cwOrW3jiR5OLluQT6G__KHzk_V7Jc/s1600/IMG-20151220-WA0011.jpg]
[blogger.googleusercontent.com/img/b/R29vZ2xl/AVvXsEgunrlZsXj040cwOrW3jiR5OLluQT6G__KHzk_V7Jc/s640/IMG-20151220-WA0011.jpg]
[blogger.googleusercontent.com/img/b/R29vZ2xl/AVvXsEjVHBz9GwhXr9-i2WcVlvMKn6ZUSJZ7pNZxVEmyOfc/s1600/IMG-20151220-WA0010.jpg]
[blogger.googleusercontent.com/img/b/R29vZ2xl/AVvXsEjVHBz9GwhXr9-i2WcVlvMKn6ZUSJZ7pNZxVEmyOfc/s640/IMG-20151220-WA0010.jpg]
[blogger.googleusercontent.com/img/b/R29vZ2xl/AVvXsEh8xHdvYDnF9oOY_7X8IjrrZ0VFx_UbAvHpw5KhE3-/s1600/20151220_121740.jpg]
[blogger.googleusercontent.com/img/b/R29vZ2xl/AVvXsEh8xHdvYDnF9oOY_7X8IjrrZ0VFx_UbAvHpw5KhE3-/s640/20151220_121740.jpg]
[blogger.googleusercontent.com/img/b/R29vZ2xl/AVvXsEgSkZ4g2YtUd8PnvBanfqhyphenhyphen5cjsKWRS8/s1600/20151220_121952.jpg]
[blogger.googleusercontent.com/img/b/R29vZ2xl/AVvXsEgSkZ4g2YtUd8PnvBanfqhyphenhyphen5cjsKWRS8/s640/20151220_121952.jpg]
[blogger.googleusercontent.com/img/b/R29vZ2xl/AVvXsEgMnHPGinECid5jxwYu3FIRfwY1bAAl0Yzgpgbh9rM/s1600/20151220_121107.jpg]
[blogger.googleusercontent.com/img/b/R29vZ2xl/AVvXsEgMnHPGinECid5jxwYu3FIRfwY1bAAl0Yzgpgbh9rM/s640/20151220_121107.jpg]
[blogger.googleusercontent.com/img/b/R29vZ2xl/AVvXsEhd-Oi2CzGesKrXhen_g38GvKhVaio7n7Ub-ewegz0/s1600/20151220_153205.jpg]
[blogger.googleusercontent.com/img/b/R29vZ2xl/AVvXsEhd-Oi2CzGesKrXhen_g38GvKhVaio7n7Ub-ewegz0/s640/20151220_153205.jpg]
[cikarocomel.blogspot.com/2015/12/entry-campur-selamat-kepantin-baru-sil.html]
[img1.blogblog.com/img/icon18_email.gif]
[cikarocomel.blogspot.com/2015/12/q-thai-steamboat-for-mak-ayah-wedding.html]
[img2.blogblog.com/img/icon18_edit_allbkg.gif]
[resources.blogblog.com/img/blank.gif]
[blogger.googleusercontent.com/img/b/R29vZ2xl/AVvXsEgMIurWimbPj4mZJrgeEIibOVMZTPQtF0uGESkDPnq/s45-c/PhotoGrid_1444896127347[1].jpg]
[www.blogger.com/img/icon_delete13.gif]
[cikarocomel.blogspot.com/2015/12/kellies-castle-ipohcd0c.html]
[blogger.googleusercontent.com/img/b/R29vZ2xl/AVvXsEgfsx-dHzWl3vn27CiAuO830NbpRSy4nXRDC9n7rDL/s45-c/BeautyPlus_20151229102517_fast.jpg]
[cikarocomel.blogspot.com/2015/12/kellies-castle-ipohd833.html]
[blogger.googleusercontent.com/img/b/R29vZ2xl/AVvXsEie3Gb0I8m4jLS7PiBzMYEa7lhQ532kFD457Nctrj7/s45-c/IMG-20150531-WA0042.jpg]
[cikarocomel.blogspot.com/2015/12/kellies-castle-ipoh7aca.html]
[cikarocomel.blogspot.com/2015/12/kellies-castle-ipoh350c.html]
[blogger.googleusercontent.com/img/b/R29vZ2xl/AVvXsEgfsx-dHzWl3vn27CiAuO830NbpRSy4nXRDC9n7rDL/s113/BeautyPlus_20151229102517_fast.jpg]
[www.blogger.com/img/logo-16.png]
[blogger.googleusercontent.com/img/b/R29vZ2xl/AVvXsEg9MyQ0P_cJkH2Ff9jF2I0Av_S48DiVYVU3EiN_jgN/s367/IMG_2324.JPG]
[blogger.googleusercontent.com/img/b/R29vZ2xl/AVvXsEimtK15xLgq075dQpYDoAt12zPHUiVtAYb9BojBQ9B/s367/IMG_5630.jpg]
[blogger.googleusercontent.com/img/b/R29vZ2xl/AVvXsEiPndYxmh9jUPJpQlRFewOoSg2Pfr3lMNLISYwQPQH/s1600-r/1506405_10203567584484609_2357260082958406311_n.jpg]
[cikarocomel.blogspot.com/2015/12/index.html]
[blogger.googleusercontent.com/img/b/R29vZ2xl/AVvXsEhl1F3SDWoxAVDmzHrzJ8C-KnefPjpQGDTxOmITi8z/w72-h72-p-k-no-nu/jarak.png]
[blogger.googleusercontent.com/img/b/R29vZ2xl/AVvXsEj-KVgF6Ft8F3yJmrQAqB09v1sNiUm62D0Z5vkGp9p/w72-h72-p-k-no-nu/Kontena-Ana.jpg]
[blogger.googleusercontent.com/img/b/R29vZ2xl/AVvXsEgi6K2InR0qmaugK-Y2aoQKlKwjdIuRQ2pE1l1TWYX/w72-h72-p-k-no-nu/Nasi Manggey Warung Kita Bangi 1.jpg]
[blogger.googleusercontent.com/img/b/R29vZ2xl/AVvXsEhpDeOf_RjES7qlUFuxoG0XumjxD8hjn8hmu_5YLYD/w72-h72-p-k-no-nu/XhvtYzL.jpg]
[netdna.bootstrapcdn.com/bootstrap/3.0.3/js/bootstrap.min.js]
[connect.facebook.net/en_US/all.js]
[www.blogger.com/static/v1/widgets/3704019819-widgets.js]
[cikarocomel.blogspot.com/2015/12/kellies-castle-ipoh.html]
[www.blogger.com/img/widgets/stats-flipper.png]
[resources.blogblog.com/img/widgets/s_top.png]
[www.blogger.com/static/v1/widgets/3566091532-css_bundle_v2.css]
[maxcdn.bootstrapcdn.com/font-awesome/4.1.0/css/font-awesome.min.css]
[1.bp.blogspot.com/-nhrIA7_1ei0/UkHKoMI2UTI/AAAAAAAAA28/a9-8_0KXPTI/s1600/no-thumb.png]
[www.blogger.com/dyn-css/authorizationbbf0.css]
[blogger.googleusercontent.com/img/b/R29vZ2xl/AVvXsEjvkepTTB3E3s1pcRNiCUbT0vPeRJtPZpBeeJ2FgyJ/s400/20151223_101045.jpg]
[blogger.googleusercontent.com/img/b/R29vZ2xl/AVvXsEjvkepTTB3E3s1pcRNiCUbT0vPeRJtPZpBeeJ2FgyJ/s1600/20151223_101045.jpg]
[blogger.googleusercontent.com/img/b/R29vZ2xl/AVvXsEhNozTxGSRO0ka_p_myznAv-gUp6dPb-QW8R-nE4fo/s1600/20151223_172906.jpg]
[blogger.googleusercontent.com/img/b/R29vZ2xl/AVvXsEhNozTxGSRO0ka_p_myznAv-gUp6dPb-QW8R-nE4fo/s400/20151223_172906.jpg]
[blogger.googleusercontent.com/img/b/R29vZ2xl/AVvXsEiP0o90HxZ_8GKk2ATDm-m6yTan9aigAtY9ydUnvCy/s1600/20151223_173700.jpg]
[blogger.googleusercontent.com/img/b/R29vZ2xl/AVvXsEiP0o90HxZ_8GKk2ATDm-m6yTan9aigAtY9ydUnvCy/s400/20151223_173700.jpg]
[blogger.googleusercontent.com/img/b/R29vZ2xl/AVvXsEgF9aJ_QlGZJxCSyaiwrvi_0MhiKTNLd8ORdgTHmm3/s1600/20151223_173901.jpg]
[blogger.googleusercontent.com/img/b/R29vZ2xl/AVvXsEgF9aJ_QlGZJxCSyaiwrvi_0MhiKTNLd8ORdgTHmm3/s400/20151223_173901.jpg]
[blogger.googleusercontent.com/img/b/R29vZ2xl/AVvXsEgE_kFYyYh67XedsaoDDuYhPsvGVX5i-CKl_RX6fW4/s1600/20151223_173742.jpg]
[blogger.googleusercontent.com/img/b/R29vZ2xl/AVvXsEgE_kFYyYh67XedsaoDDuYhPsvGVX5i-CKl_RX6fW4/s400/20151223_173742.jpg]
[blogger.googleusercontent.com/img/b/R29vZ2xl/AVvXsEg53rPmBHc9oJSMPJvcSeSv0GMJpTyO81t4zS5AGcp/s1600/12369244_10153504960053025_250891018923125246_n.jpg]
[blogger.googleusercontent.com/img/b/R29vZ2xl/AVvXsEg53rPmBHc9oJSMPJvcSeSv0GMJpTyO81t4zS5AGcp/s400/12369244_10153504960053025_250891018923125246_n.jpg]
[blogger.googleusercontent.com/img/b/R29vZ2xl/AVvXsEgHXB7uBJOtXfKUdiI6-uX0FkfhhTKrShZ-ZrQi3bZ/s1600/1919111_10153504960083025_7057063943462839366_n.jpg]
[blogger.googleusercontent.com/img/b/R29vZ2xl/AVvXsEgHXB7uBJOtXfKUdiI6-uX0FkfhhTKrShZ-ZrQi3bZ/s400/1919111_10153504960083025_7057063943462839366_n.jpg]
[blogger.googleusercontent.com/img/b/R29vZ2xl/AVvXsEhrf1-vB4lmwzYLvVFAwYqZdZa_ZRqu5lUQUjYABYb/s1600/12348009_10153505834383025_3975608968022323229_n.jpg]
[blogger.googleusercontent.com/img/b/R29vZ2xl/AVvXsEhrf1-vB4lmwzYLvVFAwYqZdZa_ZRqu5lUQUjYABYb/s400/12348009_10153505834383025_3975608968022323229_n.jpg]
[blogger.googleusercontent.com/img/b/R29vZ2xl/AVvXsEiBzTsaJrE4jxKblOWOslyM-kh36dLeyR9-OtqOndS/s1600/940840_10153505834433025_6194750943535720187_n.jpg]
[blogger.googleusercontent.com/img/b/R29vZ2xl/AVvXsEiBzTsaJrE4jxKblOWOslyM-kh36dLeyR9-OtqOndS/s400/940840_10153505834433025_6194750943535720187_n.jpg]
[blogger.googleusercontent.com/img/b/R29vZ2xl/AVvXsEj3brf6h4uqLII3bBPPo2kfrFWFTmZYrn_lYNV82cS/s1600/1935634_10153505834548025_5150388280139179889_n.jpg]
[blogger.googleusercontent.com/img/b/R29vZ2xl/AVvXsEj3brf6h4uqLII3bBPPo2kfrFWFTmZYrn_lYNV82cS/s400/1935634_10153505834548025_5150388280139179889_n.jpg]
[blogger.googleusercontent.com/img/b/R29vZ2xl/AVvXsEiVVXr0yOTkJaRbpSSAB_Q9U1zg3arVtgPmxG6RBZ6/s1600/1916805_10153506045708025_7959697344547747137_n.jpg]
[blogger.googleusercontent.com/img/b/R29vZ2xl/AVvXsEiVVXr0yOTkJaRbpSSAB_Q9U1zg3arVtgPmxG6RBZ6/s400/1916805_10153506045708025_7959697344547747137_n.jpg]
[blogger.googleusercontent.com/img/b/R29vZ2xl/AVvXsEhl0j9MORLzIjJGjneVk5vmRK-RkswCsGJUraRq2Al/s1600/IMG-20151224-WA0005.jpg]
[blogger.googleusercontent.com/img/b/R29vZ2xl/AVvXsEhl0j9MORLzIjJGjneVk5vmRK-RkswCsGJUraRq2Al/s400/IMG-20151224-WA0005.jpg]
[blogger.googleusercontent.com/img/b/R29vZ2xl/AVvXsEjJvoTHiEebTkvf6gPRP8D9xAbjl452gwq_URKGG8E/s1600/IMG-20151224-WA0010.jpg]
[blogger.googleusercontent.com/img/b/R29vZ2xl/AVvXsEjJvoTHiEebTkvf6gPRP8D9xAbjl452gwq_URKGG8E/s400/IMG-20151224-WA0010.jpg]
[blogger.googleusercontent.com/img/b/R29vZ2xl/AVvXsEgYNA0Et8wsGT3MyDKkTXXkAZdyc2-jORf-c4t4Rcm/s1600/IMG-20151224-WA0011.jpg]
[blogger.googleusercontent.com/img/b/R29vZ2xl/AVvXsEi_1FHIWoxICxFesPvEHpndK6cEmlndiPzx0ZQ3ba3/s1600/IMG-20151224-WA0007.jpg]
[blogger.googleusercontent.com/img/b/R29vZ2xl/AVvXsEi_1FHIWoxICxFesPvEHpndK6cEmlndiPzx0ZQ3ba3/s400/IMG-20151224-WA0007.jpg]
[blogger.googleusercontent.com/img/b/R29vZ2xl/AVvXsEjco0OpzkhEiNxJu8P_jW8OPUi-c_gNZG_7fCEFvry/s1600/IMG-20151224-WA0017.jpg]
[blogger.googleusercontent.com/img/b/R29vZ2xl/AVvXsEjco0OpzkhEiNxJu8P_jW8OPUi-c_gNZG_7fCEFvry/s400/IMG-20151224-WA0017.jpg]
[blogger.googleusercontent.com/img/b/R29vZ2xl/AVvXsEjhn8c7ZP8pzS-FZpLHszgdHQCxgcen9r25GqXd-Q-/s1600/IMG-20151224-WA0015.jpg]
[blogger.googleusercontent.com/img/b/R29vZ2xl/AVvXsEjhn8c7ZP8pzS-FZpLHszgdHQCxgcen9r25GqXd-Q-/s400/IMG-20151224-WA0015.jpg]
[blogger.googleusercontent.com/img/b/R29vZ2xl/AVvXsEjpNNpSqyr7OQ2FWscrqgOBR00x47jApAYtLrM7jVM/s1600/IMG-20151225-WA0009.jpg]
[blogger.googleusercontent.com/img/b/R29vZ2xl/AVvXsEjpNNpSqyr7OQ2FWscrqgOBR00x47jApAYtLrM7jVM/s400/IMG-20151225-WA0009.jpg]
[blogger.googleusercontent.com/img/b/R29vZ2xl/AVvXsEhhNWVxqamcxEYB3BQUrY8NQqZcP_A0J0MIgWBRHCx/s1600/IMG-20151225-WA0008.jpg]
[blogger.googleusercontent.com/img/b/R29vZ2xl/AVvXsEhhNWVxqamcxEYB3BQUrY8NQqZcP_A0J0MIgWBRHCx/s400/IMG-20151225-WA0008.jpg]
[blogger.googleusercontent.com/img/b/R29vZ2xl/AVvXsEiRkl3SaovEk6Zhpjk2qbt4aFh6O_ndvC4FwtFxrIJ/s1600/BeautyPlus_20151225121023_fast.jpg]
[blogger.googleusercontent.com/img/b/R29vZ2xl/AVvXsEiRkl3SaovEk6Zhpjk2qbt4aFh6O_ndvC4FwtFxrIJ/s400/BeautyPlus_20151225121023_fast.jpg]
[blogger.googleusercontent.com/img/b/R29vZ2xl/AVvXsEj2pbzwv1_AjfrALheKtXBY3t0u9hfzOQNJKY1MGZl/s1600/IMG-20151225-WA0004.jpg]
[blogger.googleusercontent.com/img/b/R29vZ2xl/AVvXsEj2pbzwv1_AjfrALheKtXBY3t0u9hfzOQNJKY1MGZl/s400/IMG-20151225-WA0004.jpg]
[blogger.googleusercontent.com/img/b/R29vZ2xl/AVvXsEgudtW-v-P-bLZXo5hkHDa_XnSEMSDLsMic7dJYwRL/s1600/20151225_120149.jpg]
[blogger.googleusercontent.com/img/b/R29vZ2xl/AVvXsEgudtW-v-P-bLZXo5hkHDa_XnSEMSDLsMic7dJYwRL/s400/20151225_120149.jpg]
[blogger.googleusercontent.com/img/b/R29vZ2xl/AVvXsEg1r3qlX6J8jEghBk1zZUImfC1NDWbJJLqX51TrZ7W/s1600/20151225_120157.jpg]
[blogger.googleusercontent.com/img/b/R29vZ2xl/AVvXsEg1r3qlX6J8jEghBk1zZUImfC1NDWbJJLqX51TrZ7W/s400/20151225_120157.jpg]
[blogger.googleusercontent.com/img/b/R29vZ2xl/AVvXsEiv4wBy6JD-2WDQNHV__ks34_vP0Zbv8h687OBt9v7/s1600/20151225_120202.jpg]
[blogger.googleusercontent.com/img/b/R29vZ2xl/AVvXsEiv4wBy6JD-2WDQNHV__ks34_vP0Zbv8h687OBt9v7/s400/20151225_120202.jpg]
[cikarocomel.blogspot.com/2015/12/entry-campur-selamat-kepantin-baru-sil.html]
[cikarocomel.blogspot.com/2015/12/wang-isteri-adakah-harus-suami.html]
[blogger.googleusercontent.com/img/b/R29vZ2xl/AVvXsEiy39TTmRdiKM10lDflrVku19YG-yVGSpRAEmoefxX/s640/20151218_162736.jpg]
[blogger.googleusercontent.com/img/b/R29vZ2xl/AVvXsEiy39TTmRdiKM10lDflrVku19YG-yVGSpRAEmoefxX/s1600/20151218_162736.jpg]
[blogger.googleusercontent.com/img/b/R29vZ2xl/AVvXsEjrbv6242jxTEDpNKhQuJVZwmZqkcF-9gzhwT2m7R7/s1600/20151218_163126.jpg]
[blogger.googleusercontent.com/img/b/R29vZ2xl/AVvXsEjrbv6242jxTEDpNKhQuJVZwmZqkcF-9gzhwT2m7R7/s640/20151218_163126.jpg]
[blogger.googleusercontent.com/img/b/R29vZ2xl/AVvXsEgkqXCrmLrt2Z_sOZWrW46v8ZYPXzbR8Wt8acPBJcl/s1600/20151218_205444.jpg]
[blogger.googleusercontent.com/img/b/R29vZ2xl/AVvXsEgkqXCrmLrt2Z_sOZWrW46v8ZYPXzbR8Wt8acPBJcl/s640/20151218_205444.jpg]
[blogger.googleusercontent.com/img/b/R29vZ2xl/AVvXsEi123her20wVgE0LQbQaRz1svP9Dz-JhV410CK5kaX/s1600/20151218_205453.jpg]
[blogger.googleusercontent.com/img/b/R29vZ2xl/AVvXsEi123her20wVgE0LQbQaRz1svP9Dz-JhV410CK5kaX/s640/20151218_205453.jpg]
[blogger.googleusercontent.com/img/b/R29vZ2xl/AVvXsEgW0T1NOgKYYTgxZq8w8whvHImr7e4We3i6_vZnuOa/s1600/20151218_195636.jpg]
[blogger.googleusercontent.com/img/b/R29vZ2xl/AVvXsEgW0T1NOgKYYTgxZq8w8whvHImr7e4We3i6_vZnuOa/s640/20151218_195636.jpg]
[blogger.googleusercontent.com/img/b/R29vZ2xl/AVvXsEjpabet6rJ9U-JNi08Ido30kBjIQXyNgN4CZkMOoYl/s1600/20151218_195649.jpg]
[blogger.googleusercontent.com/img/b/R29vZ2xl/AVvXsEjpabet6rJ9U-JNi08Ido30kBjIQXyNgN4CZkMOoYl/s400/20151218_195649.jpg]
[blogger.googleusercontent.com/img/b/R29vZ2xl/AVvXsEhZorHQwr2J3dBQc93CujWmFkzUWgTOYhrS2RMcpdw/s1600/20151218_195659.jpg]
[blogger.googleusercontent.com/img/b/R29vZ2xl/AVvXsEhZorHQwr2J3dBQc93CujWmFkzUWgTOYhrS2RMcpdw/s640/20151218_195659.jpg]
[blogger.googleusercontent.com/img/b/R29vZ2xl/AVvXsEgJj1KVpro351OJ1yUkWOMk9FZl8UjdHoNhGXZQYo6/s1600/20151218_205523.jpg]
[blogger.googleusercontent.com/img/b/R29vZ2xl/AVvXsEgJj1KVpro351OJ1yUkWOMk9FZl8UjdHoNhGXZQYo6/s640/20151218_205523.jpg]
[blogger.googleusercontent.com/img/b/R29vZ2xl/AVvXsEiwMlEqUtpwgA_ikoGAOef41LEWyKUirRAYJQT3y6j/s1600/20151218_205553.jpg]
[blogger.googleusercontent.com/img/b/R29vZ2xl/AVvXsEiwMlEqUtpwgA_ikoGAOef41LEWyKUirRAYJQT3y6j/s640/20151218_205553.jpg]
[blogger.googleusercontent.com/img/b/R29vZ2xl/AVvXsEj0dKwg2CDc7skPQrptrl5nPp3Lf9padnZrABoyiOu/s1600/20151218_205605.jpg]
[blogger.googleusercontent.com/img/b/R29vZ2xl/AVvXsEj0dKwg2CDc7skPQrptrl5nPp3Lf9padnZrABoyiOu/s400/20151218_205605.jpg]
[blogger.googleusercontent.com/img/b/R29vZ2xl/AVvXsEhquw95AxrHs9nV5ZWtXWlz5IzB-B3nJZAhfcd-x8b/s1600/20151218_205613.jpg]
[blogger.googleusercontent.com/img/b/R29vZ2xl/AVvXsEhquw95AxrHs9nV5ZWtXWlz5IzB-B3nJZAhfcd-x8b/s640/20151218_205613.jpg]
[blogger.googleusercontent.com/img/b/R29vZ2xl/AVvXsEjqm4lYjZlxMDrgVVANkB5eRmMCsAWuR4Hk8ufEiZZ/s1600/20151218_202931.jpg]
[blogger.googleusercontent.com/img/b/R29vZ2xl/AVvXsEjqm4lYjZlxMDrgVVANkB5eRmMCsAWuR4Hk8ufEiZZ/s640/20151218_202931.jpg]
[blogger.googleusercontent.com/img/b/R29vZ2xl/AVvXsEhmm3HQO2TtatpSkRajER0-mOSCc0d59ASakWltH86/s1600/20151218_211026.jpg]
[blogger.googleusercontent.com/img/b/R29vZ2xl/AVvXsEhmm3HQO2TtatpSkRajER0-mOSCc0d59ASakWltH86/s640/20151218_211026.jpg]
[blogger.googleusercontent.com/img/b/R29vZ2xl/AVvXsEjqPr6CuoDujwJ3t8q7JZlcwPrZjhnJ_HK3bVlRkYp/s1600/20151218_211040.jpg]
[blogger.googleusercontent.com/img/b/R29vZ2xl/AVvXsEjqPr6CuoDujwJ3t8q7JZlcwPrZjhnJ_HK3bVlRkYp/s640/20151218_211040.jpg]
[blogger.googleusercontent.com/img/b/R29vZ2xl/AVvXsEjHk8BRiANOl-kDCEbUmHqlbVxxLDUbkF-Ik74fJXa/s1600/20151218_202939.jpg]
[blogger.googleusercontent.com/img/b/R29vZ2xl/AVvXsEjHk8BRiANOl-kDCEbUmHqlbVxxLDUbkF-Ik74fJXa/s640/20151218_202939.jpg]
[blogger.googleusercontent.com/img/b/R29vZ2xl/AVvXsEhqIBycFIcZdcfpM1OvM5CRFnI-fHKGDUQfDsvz8wC/s1600/20151218_202954.jpg]
[blogger.googleusercontent.com/img/b/R29vZ2xl/AVvXsEhqIBycFIcZdcfpM1OvM5CRFnI-fHKGDUQfDsvz8wC/s640/20151218_202954.jpg]
[blogger.googleusercontent.com/img/b/R29vZ2xl/AVvXsEjsTVtWSxHZcOj7cFs9FIsuTldyK4xdSMYw4Dq5a_4/s1600/20151218_203001.jpg]
[blogger.googleusercontent.com/img/b/R29vZ2xl/AVvXsEjsTVtWSxHZcOj7cFs9FIsuTldyK4xdSMYw4Dq5a_4/s640/20151218_203001.jpg]
[blogger.googleusercontent.com/img/b/R29vZ2xl/AVvXsEhry0dYEixb7Cc4ZTr9NA0kwnX2AHk0aIu_W5CWXh2/s1600/20151218_205425.jpg]
[blogger.googleusercontent.com/img/b/R29vZ2xl/AVvXsEhry0dYEixb7Cc4ZTr9NA0kwnX2AHk0aIu_W5CWXh2/s640/20151218_205425.jpg]
[blogger.googleusercontent.com/img/b/R29vZ2xl/AVvXsEh2w2Ah-nT3EqauCq6SB5VcY54pnaD_9qW5qeFDszc/s1600/20151218_205630.jpg]
[blogger.googleusercontent.com/img/b/R29vZ2xl/AVvXsEh2w2Ah-nT3EqauCq6SB5VcY54pnaD_9qW5qeFDszc/s640/20151218_205630.jpg]
[blogger.googleusercontent.com/img/b/R29vZ2xl/AVvXsEhy4UIbgo5x_p7yJfbMUYZnsr_rVbzp6t5nU5KcjdX/s1600/20151218_205435.jpg]
[blogger.googleusercontent.com/img/b/R29vZ2xl/AVvXsEhy4UIbgo5x_p7yJfbMUYZnsr_rVbzp6t5nU5KcjdX/s640/20151218_205435.jpg]
[blogger.googleusercontent.com/img/b/R29vZ2xl/AVvXsEh88WFusmnGvzoFxyzqwWZR0yXRngIHf0PnILCX-4z/s1600/20151218_200141.jpg]
[blogger.googleusercontent.com/img/b/R29vZ2xl/AVvXsEh88WFusmnGvzoFxyzqwWZR0yXRngIHf0PnILCX-4z/s640/20151218_200141.jpg]
[blogger.googleusercontent.com/img/b/R29vZ2xl/AVvXsEg-F6WClV_mZkglPa7BrRoNH-bSjYheBtHmDfuSsFq/s1600/20151218_200149.jpg]
[blogger.googleusercontent.com/img/b/R29vZ2xl/AVvXsEg-F6WClV_mZkglPa7BrRoNH-bSjYheBtHmDfuSsFq/s640/20151218_200149.jpg]
[blogger.googleusercontent.com/img/b/R29vZ2xl/AVvXsEh5tGCxyx9XVxZiXJnBwnlXHTd8EjbFFMOiTDjXD2h/s1600/20151218_200613.jpg]
[blogger.googleusercontent.com/img/b/R29vZ2xl/AVvXsEh5tGCxyx9XVxZiXJnBwnlXHTd8EjbFFMOiTDjXD2h/s640/20151218_200613.jpg]
[blogger.googleusercontent.com/img/b/R29vZ2xl/AVvXsEi4gFzkSeumq9SEbtFVcmBxII_m3qUEMFUUQ6iQGhN/s1600/20151218_200621.jpg]
[blogger.googleusercontent.com/img/b/R29vZ2xl/AVvXsEi4gFzkSeumq9SEbtFVcmBxII_m3qUEMFUUQ6iQGhN/s640/20151218_200621.jpg]
[blogger.googleusercontent.com/img/b/R29vZ2xl/AVvXsEjo1do38u1huNzwylti26VFJA3APxM3v3EEJMxy6rG/s1600/20151218_200912.jpg]
[blogger.googleusercontent.com/img/b/R29vZ2xl/AVvXsEjo1do38u1huNzwylti26VFJA3APxM3v3EEJMxy6rG/s640/20151218_200912.jpg]
[blogger.googleusercontent.com/img/b/R29vZ2xl/AVvXsEj56sfdhc4NRhMA15zVtmdKvFM4sSvMUyeTR441a_i/s1600/20151218_202923.jpg]
[blogger.googleusercontent.com/img/b/R29vZ2xl/AVvXsEj56sfdhc4NRhMA15zVtmdKvFM4sSvMUyeTR441a_i/s640/20151218_202923.jpg]
[blogger.googleusercontent.com/img/b/R29vZ2xl/AVvXsEjOPuzMeqaRBgeMk_tr69YwvHe1BU8t5QDXMUTJbKa/s1600/IMG-20151218-WA0041.jpg]
[blogger.googleusercontent.com/img/b/R29vZ2xl/AVvXsEjOPuzMeqaRBgeMk_tr69YwvHe1BU8t5QDXMUTJbKa/s640/IMG-20151218-WA0041.jpg]
[blogger.googleusercontent.com/img/b/R29vZ2xl/AVvXsEgjhyT2j2Hl50Tf7qK3aniLfTTV7obpAdYgBBoUoQU/s1600/IMG-20151218-WA0046.jpg]
[blogger.googleusercontent.com/img/b/R29vZ2xl/AVvXsEgjhyT2j2Hl50Tf7qK3aniLfTTV7obpAdYgBBoUoQU/s640/IMG-20151218-WA0046.jpg]
[blogger.googleusercontent.com/img/b/R29vZ2xl/AVvXsEijrAOnw2xtQCvFVBTv2v2iHYsPB7yVycioaVUVNBV/s1600/IMG-20151218-WA0049.jpg]
[blogger.googleusercontent.com/img/b/R29vZ2xl/AVvXsEijrAOnw2xtQCvFVBTv2v2iHYsPB7yVycioaVUVNBV/s640/IMG-20151218-WA0049.jpg]
[blogger.googleusercontent.com/img/b/R29vZ2xl/AVvXsEhy7hvK7xZgNfNBfU3tRqIcdL85nWKNcP7D90lJW9t/s1600/IMG-20151218-WA0050.jpg]
[blogger.googleusercontent.com/img/b/R29vZ2xl/AVvXsEhy7hvK7xZgNfNBfU3tRqIcdL85nWKNcP7D90lJW9t/s640/IMG-20151218-WA0050.jpg]
[blogger.googleusercontent.com/img/b/R29vZ2xl/AVvXsEhABw4BXJNiqOqMmSCh0qNvdSrN_8vj-zAcNx_yId6/s1600/20151218_205715.jpg]
[blogger.googleusercontent.com/img/b/R29vZ2xl/AVvXsEhABw4BXJNiqOqMmSCh0qNvdSrN_8vj-zAcNx_yId6/s640/20151218_205715.jpg]
[blogger.googleusercontent.com/img/b/R29vZ2xl/AVvXsEhkgqYD96reZkXQrhnPhrysdlPpL9-bIuD42MJZCDB/s1600/20151218_220105.jpg]
[blogger.googleusercontent.com/img/b/R29vZ2xl/AVvXsEhkgqYD96reZkXQrhnPhrysdlPpL9-bIuD42MJZCDB/s640/20151218_220105.jpg]
[cikarocomel.blogspot.com/2015/12/q-thai-steamboat-for-mak-ayah-wedding.html]
[cikarocomel.blogspot.com/2015/12/kellies-castle-ipohcd0c.html]
[cikarocomel.blogspot.com/2015/12/kellies-castle-ipohd833.html]
[cikarocomel.blogspot.com/2015/12/kellies-castle-ipoh7aca.html]
[cikarocomel.blogspot.com/2015/12/kellies-castle-ipoh350c.html]
[cikarocomel.blogspot.com/2015/12/restoran-ana-ikan-bakar-petai.html]
[cikarocomel.blogspot.com/2015/12/boat-noodle-sunway-putra-mall-but-i.html]
[blogger.googleusercontent.com/img/b/R29vZ2xl/AVvXsEjFvqhmYW-rWIGjrXmw7NyA6bATdKRbxfdFypVcPUA/s1600/20151231_133118.jpg]
[blogger.googleusercontent.com/img/b/R29vZ2xl/AVvXsEjFvqhmYW-rWIGjrXmw7NyA6bATdKRbxfdFypVcPUA/s640/20151231_133118.jpg]
[blogger.googleusercontent.com/img/b/R29vZ2xl/AVvXsEgEVB-JxuQVvCuSWDo_dG-8iABKy01_VzNyFznP7bO/s1600/20151231_134328.jpg]
[blogger.googleusercontent.com/img/b/R29vZ2xl/AVvXsEgEVB-JxuQVvCuSWDo_dG-8iABKy01_VzNyFznP7bO/s640/20151231_134328.jpg]
[blogger.googleusercontent.com/img/b/R29vZ2xl/AVvXsEieJ3wBTRN59jApp4EJBcmRjB_ipW_-rm_VV8Fv8w5/s1600/20151231_134432.jpg]
[blogger.googleusercontent.com/img/b/R29vZ2xl/AVvXsEieJ3wBTRN59jApp4EJBcmRjB_ipW_-rm_VV8Fv8w5/s640/20151231_134432.jpg]
[blogger.googleusercontent.com/img/b/R29vZ2xl/AVvXsEiIKPYu_ODfQRA4wJb1cRqiRA_oOAGKI2_sDSu8VnV/s1600/20151231_134459.jpg]
[blogger.googleusercontent.com/img/b/R29vZ2xl/AVvXsEiIKPYu_ODfQRA4wJb1cRqiRA_oOAGKI2_sDSu8VnV/s640/20151231_134459.jpg]
[blogger.googleusercontent.com/img/b/R29vZ2xl/AVvXsEhsFiQfEwXOTwcgQvzlVl2EODSoTHeK_bW8zDNPC1m/s1600/20151231_140525.jpg]
[blogger.googleusercontent.com/img/b/R29vZ2xl/AVvXsEhsFiQfEwXOTwcgQvzlVl2EODSoTHeK_bW8zDNPC1m/s640/20151231_140525.jpg]
[blogger.googleusercontent.com/img/b/R29vZ2xl/AVvXsEixl5UrnNVennaIlvfFJjoFQWtdw0gVSHr-zwYe4iJ/s1600/20151231_140929.jpg]
[blogger.googleusercontent.com/img/b/R29vZ2xl/AVvXsEixl5UrnNVennaIlvfFJjoFQWtdw0gVSHr-zwYe4iJ/s640/20151231_140929.jpg]
[blogger.googleusercontent.com/img/b/R29vZ2xl/AVvXsEjLqUQam8_wjAnBTZIFVo8jBXL7riK4d7IalAVdVfu/s1600/20151231_135745.jpg]
[blogger.googleusercontent.com/img/b/R29vZ2xl/AVvXsEjLqUQam8_wjAnBTZIFVo8jBXL7riK4d7IalAVdVfu/s640/20151231_135745.jpg]
[blogger.googleusercontent.com/img/b/R29vZ2xl/AVvXsEj_G_yjEwoR2GmM1lea2AqA8ccbfKM_spfblAhmCEQ/s1600/20151231_141137.jpg]
[blogger.googleusercontent.com/img/b/R29vZ2xl/AVvXsEj_G_yjEwoR2GmM1lea2AqA8ccbfKM_spfblAhmCEQ/s640/20151231_141137.jpg]
[blogger.googleusercontent.com/img/b/R29vZ2xl/AVvXsEgrasr0L3GlMthUQqQzVHDg9nWAYyRyhn9-KkWc9yj/s1600/20151231_154004.jpg]
[blogger.googleusercontent.com/img/b/R29vZ2xl/AVvXsEgrasr0L3GlMthUQqQzVHDg9nWAYyRyhn9-KkWc9yj/s640/20151231_154004.jpg]
[blogger.googleusercontent.com/img/b/R29vZ2xl/AVvXsEgGiBqr8wie5uDGaa3Z6VSeyTKKkyrSFSFtwhjpvZZ/s1600/20151231_154010.jpg]
[blogger.googleusercontent.com/img/b/R29vZ2xl/AVvXsEgGiBqr8wie5uDGaa3Z6VSeyTKKkyrSFSFtwhjpvZZ/s640/20151231_154010.jpg]
[blogger.googleusercontent.com/img/b/R29vZ2xl/AVvXsEioJWv54NPdXIBOZ-ZCNemA10p6X4oE99ivf6CDk7e/s1600/20151231_152148.jpg]
[blogger.googleusercontent.com/img/b/R29vZ2xl/AVvXsEioJWv54NPdXIBOZ-ZCNemA10p6X4oE99ivf6CDk7e/s640/20151231_152148.jpg]
[blogger.googleusercontent.com/img/b/R29vZ2xl/AVvXsEjnXMfkMbmNDcQfgGicel-ae_YrcMgqcRsMZC_x0WY/s1600/20151231_152140.jpg]
[blogger.googleusercontent.com/img/b/R29vZ2xl/AVvXsEjnXMfkMbmNDcQfgGicel-ae_YrcMgqcRsMZC_x0WY/s640/20151231_152140.jpg]
[blogger.googleusercontent.com/img/b/R29vZ2xl/AVvXsEghiMBWN6sqgK90byxHsbhBs9_caalf23tq-xO6-LF/s1600/20151231_152029.jpg]
[blogger.googleusercontent.com/img/b/R29vZ2xl/AVvXsEghiMBWN6sqgK90byxHsbhBs9_caalf23tq-xO6-LF/s640/20151231_152029.jpg]
[blogger.googleusercontent.com/img/b/R29vZ2xl/AVvXsEgTbaDcgUPfmANT3ojI0oGaV35bUsIC-H9vCXTyfZ9/s1600/20151231_161319.jpg]
[blogger.googleusercontent.com/img/b/R29vZ2xl/AVvXsEgTbaDcgUPfmANT3ojI0oGaV35bUsIC-H9vCXTyfZ9/s640/20151231_161319.jpg]
[cikarocomel.blogspot.com/2015/12/lihat-lah-donia.html]
[blogger.googleusercontent.com/img/b/R29vZ2xl/AVvXsEidu9Fks12qo7ZO1EbtfXtz3nNfG13gkAlTTGiR68F/s1600/track.png]
[blogger.googleusercontent.com/img/b/R29vZ2xl/AVvXsEidu9Fks12qo7ZO1EbtfXtz3nNfG13gkAlTTGiR68F/s640/track.png]
[cikarocomel.blogspot.com/2015/12/pegaga-malay-authentic-cuisine.html]
[blogger.googleusercontent.com/img/b/R29vZ2xl/AVvXsEgj-CgaAgVSOqPav036hRf9LVjxxWbrb7ja4cBLe98/s1600/BeautyPlus_20151229102517_fast.jpg]
[blogger.googleusercontent.com/img/b/R29vZ2xl/AVvXsEgj-CgaAgVSOqPav036hRf9LVjxxWbrb7ja4cBLe98/s640/BeautyPlus_20151229102517_fast.jpg]
[blogger.googleusercontent.com/img/b/R29vZ2xl/AVvXsEgvQIt1D7mysbOLEys9oEZ4fUWr2EoPT4sFjna3rhH/s1600/IMG-20151229-WA0019.jpg]
[blogger.googleusercontent.com/img/b/R29vZ2xl/AVvXsEgvQIt1D7mysbOLEys9oEZ4fUWr2EoPT4sFjna3rhH/s640/IMG-20151229-WA0019.jpg]
[blogger.googleusercontent.com/img/b/R29vZ2xl/AVvXsEjRTFEiTQz8l_fIJ0WrM69nf0nTegaUf6KzyHmGMKk/s1600/20151229_113753.jpg]
[blogger.googleusercontent.com/img/b/R29vZ2xl/AVvXsEjRTFEiTQz8l_fIJ0WrM69nf0nTegaUf6KzyHmGMKk/s640/20151229_113753.jpg]
[blogger.googleusercontent.com/img/b/R29vZ2xl/AVvXsEgMnqrP11oBVf907pbfhInudDvRhe5HBdlECYQyLiP/s1600/20151229_113835.jpg]
[blogger.googleusercontent.com/img/b/R29vZ2xl/AVvXsEgMnqrP11oBVf907pbfhInudDvRhe5HBdlECYQyLiP/s640/20151229_113835.jpg]
[blogger.googleusercontent.com/img/b/R29vZ2xl/AVvXsEiLLibWE_fofqj5Fjn3ajhYWxGILmfIfUshp7nZbWn/s1600/20151229_113838.jpg]
[blogger.googleusercontent.com/img/b/R29vZ2xl/AVvXsEiLLibWE_fofqj5Fjn3ajhYWxGILmfIfUshp7nZbWn/s640/20151229_113838.jpg]
[blogger.googleusercontent.com/img/b/R29vZ2xl/AVvXsEjPhk8OlV6PDIIFL0yzD3DljQ_y_-uXigtTCb-vvSP/s1600/20151229_115655.jpg]
[blogger.googleusercontent.com/img/b/R29vZ2xl/AVvXsEjPhk8OlV6PDIIFL0yzD3DljQ_y_-uXigtTCb-vvSP/s640/20151229_115655.jpg]
[blogger.googleusercontent.com/img/b/R29vZ2xl/AVvXsEgQYVJjlVKZ3w3GWxUVpWBvv6-cAE1MbVvxgRbRDC1/s1600/IMG-20151229-WA0020.jpg]
[blogger.googleusercontent.com/img/b/R29vZ2xl/AVvXsEgQYVJjlVKZ3w3GWxUVpWBvv6-cAE1MbVvxgRbRDC1/s640/IMG-20151229-WA0020.jpg]
[blogger.googleusercontent.com/img/b/R29vZ2xl/AVvXsEg03AJJPk4M0sb2wZVVjenjq69m6kGqUUCeTyB8Qib/s1600/20151229_110754.jpg]
[blogger.googleusercontent.com/img/b/R29vZ2xl/AVvXsEg03AJJPk4M0sb2wZVVjenjq69m6kGqUUCeTyB8Qib/s640/20151229_110754.jpg]
[blogger.googleusercontent.com/img/b/R29vZ2xl/AVvXsEjWI6QSc5JocMEker-LMwwHvgDa_IRqfOYy_3NJOzK/s1600/20151229_110747.jpg]
[blogger.googleusercontent.com/img/b/R29vZ2xl/AVvXsEjWI6QSc5JocMEker-LMwwHvgDa_IRqfOYy_3NJOzK/s640/20151229_110747.jpg]
[blogger.googleusercontent.com/img/b/R29vZ2xl/AVvXsEhztL0zczffZaO7xRYzCESVSFOOd5q6bLFLPalvEXy/s1600/20151229_110818.jpg]
[blogger.googleusercontent.com/img/b/R29vZ2xl/AVvXsEhztL0zczffZaO7xRYzCESVSFOOd5q6bLFLPalvEXy/s640/20151229_110818.jpg]
[blogger.googleusercontent.com/img/b/R29vZ2xl/AVvXsEiSER561NvEM0ff2ze2Twh3m5wM9xB6AX8W4WazOQS/s1600/20151229_120314.jpg]
[blogger.googleusercontent.com/img/b/R29vZ2xl/AVvXsEiSER561NvEM0ff2ze2Twh3m5wM9xB6AX8W4WazOQS/s640/20151229_120314.jpg]
[cikarocomel.blogspot.com/2015/12/husbands-bufday-celebrationsss-majestic.html]
[blogger.googleusercontent.com/img/b/R29vZ2xl/AVvXsEi1b2CiIBeqWL0kyhPgFokP_PzvRXa92k8vTs6XJF2/s1600/IMG-20151228-WA0025.jpg]
[blogger.googleusercontent.com/img/b/R29vZ2xl/AVvXsEi1b2CiIBeqWL0kyhPgFokP_PzvRXa92k8vTs6XJF2/s640/IMG-20151228-WA0025.jpg]
[blogger.googleusercontent.com/img/b/R29vZ2xl/AVvXsEhkCpNyxRLUpm6DvxwUu9Pu7jsePBI4nQ0RxPgKP1S/s1600/IMG-20151228-WA0022.jpg]
[blogger.googleusercontent.com/img/b/R29vZ2xl/AVvXsEhkCpNyxRLUpm6DvxwUu9Pu7jsePBI4nQ0RxPgKP1S/s640/IMG-20151228-WA0022.jpg]
[blogger.googleusercontent.com/img/b/R29vZ2xl/AVvXsEjw7GCBg0RP3hc5dsaIIfBk6QPwXIqLTTUwyiUFLZ2/s1600/IMG-20151228-WA0020.jpg]
[blogger.googleusercontent.com/img/b/R29vZ2xl/AVvXsEjw7GCBg0RP3hc5dsaIIfBk6QPwXIqLTTUwyiUFLZ2/s640/IMG-20151228-WA0020.jpg]
[blogger.googleusercontent.com/img/b/R29vZ2xl/AVvXsEhRLb74ZebMEIpX_OH1RG7G_XY_ueYre1jc5rl4TaP/s1600/IMG-20151228-WA0027.jpg]
[blogger.googleusercontent.com/img/b/R29vZ2xl/AVvXsEhRLb74ZebMEIpX_OH1RG7G_XY_ueYre1jc5rl4TaP/s640/IMG-20151228-WA0027.jpg]
[blogger.googleusercontent.com/img/b/R29vZ2xl/AVvXsEg42C5pa1yR7qYRMOqt0irVSry7TQgQmu87DVAls7T/s1600/20151228_120039.jpg]
[blogger.googleusercontent.com/img/b/R29vZ2xl/AVvXsEg42C5pa1yR7qYRMOqt0irVSry7TQgQmu87DVAls7T/s640/20151228_120039.jpg]
[blogger.googleusercontent.com/img/b/R29vZ2xl/AVvXsEhomkplGIZgkioI7ItQUWMqncW8TM9IiDpRNeMI8n1/s1600/20151228_120117.jpg]
[blogger.googleusercontent.com/img/b/R29vZ2xl/AVvXsEhomkplGIZgkioI7ItQUWMqncW8TM9IiDpRNeMI8n1/s640/20151228_120117.jpg]
[blogger.googleusercontent.com/img/b/R29vZ2xl/AVvXsEjC9E4ZPnLuFG8iv7uZHWKtFNTxS0zg6saeMHt_4AU/s1600/20151228_120501.jpg]
[blogger.googleusercontent.com/img/b/R29vZ2xl/AVvXsEjC9E4ZPnLuFG8iv7uZHWKtFNTxS0zg6saeMHt_4AU/s640/20151228_120501.jpg]
[blogger.googleusercontent.com/img/b/R29vZ2xl/AVvXsEj8s3bG6CjEdeGCbdWZrhhGlmdtFYkyt9pyrl6dnwJ/s1600/20151228_120511.jpg]
[blogger.googleusercontent.com/img/b/R29vZ2xl/AVvXsEj8s3bG6CjEdeGCbdWZrhhGlmdtFYkyt9pyrl6dnwJ/s640/20151228_120511.jpg]
[blogger.googleusercontent.com/img/b/R29vZ2xl/AVvXsEj4NtPQtHI3ssm4LZt3mTqwBD88F5flova78ZCYKY4/s1600/20151228_120515.jpg]
[blogger.googleusercontent.com/img/b/R29vZ2xl/AVvXsEj4NtPQtHI3ssm4LZt3mTqwBD88F5flova78ZCYKY4/s640/20151228_120515.jpg]
[blogger.googleusercontent.com/img/b/R29vZ2xl/AVvXsEjqaa-SroX5iVHN5qeOxKz3hJg5683eSVJdM4yxmoW/s1600/20151228_120532.jpg]
[blogger.googleusercontent.com/img/b/R29vZ2xl/AVvXsEjqaa-SroX5iVHN5qeOxKz3hJg5683eSVJdM4yxmoW/s640/20151228_120532.jpg]
[blogger.googleusercontent.com/img/b/R29vZ2xl/AVvXsEjN7Fa5H64Z8XJoDPqlgqztoYrdOkUhUXExqR6VMqj/s1600/20151228_120544.jpg]
[blogger.googleusercontent.com/img/b/R29vZ2xl/AVvXsEjN7Fa5H64Z8XJoDPqlgqztoYrdOkUhUXExqR6VMqj/s640/20151228_120544.jpg]
[blogger.googleusercontent.com/img/b/R29vZ2xl/AVvXsEhoaQ_EU70hy_MWcQzIzSIg47zC6OHdJewLPntUTMg/s1600/20151228_120625.jpg]
[blogger.googleusercontent.com/img/b/R29vZ2xl/AVvXsEhoaQ_EU70hy_MWcQzIzSIg47zC6OHdJewLPntUTMg/s640/20151228_120625.jpg]
[blogger.googleusercontent.com/img/b/R29vZ2xl/AVvXsEjwcWmOJJQkR-GJFzsJfDMx9INGpP2zSHtAW2_fYd4/s1600/20151228_120511.jpg]
[blogger.googleusercontent.com/img/b/R29vZ2xl/AVvXsEgLW2OVaxGWD1pcH6eV8JM7QvdxX8ZL_tIVVuEbYCQ/s1600/20151228_120642.jpg]
[blogger.googleusercontent.com/img/b/R29vZ2xl/AVvXsEgLW2OVaxGWD1pcH6eV8JM7QvdxX8ZL_tIVVuEbYCQ/s640/20151228_120642.jpg]
[blogger.googleusercontent.com/img/b/R29vZ2xl/AVvXsEitUODWa-RjpZEJV4frBS28CCtWPDGCEivkSazSJBk/s1600/20151228_123651.jpg]
[blogger.googleusercontent.com/img/b/R29vZ2xl/AVvXsEitUODWa-RjpZEJV4frBS28CCtWPDGCEivkSazSJBk/s640/20151228_123651.jpg]
[blogger.googleusercontent.com/img/b/R29vZ2xl/AVvXsEgpY0cO_rNkKQcTO-XnenQnNg1shZxFxqKV8opWucS/s1600/20151228_123655.jpg]
[blogger.googleusercontent.com/img/b/R29vZ2xl/AVvXsEgpY0cO_rNkKQcTO-XnenQnNg1shZxFxqKV8opWucS/s640/20151228_123655.jpg]
[blogger.googleusercontent.com/img/b/R29vZ2xl/AVvXsEhS4Od1nvXuI2-GiPEu1P2HrJY-2wzS0IknSfmcvHf/s1600/20151228_120630.jpg]
[blogger.googleusercontent.com/img/b/R29vZ2xl/AVvXsEhS4Od1nvXuI2-GiPEu1P2HrJY-2wzS0IknSfmcvHf/s640/20151228_120630.jpg]
[blogger.googleusercontent.com/img/b/R29vZ2xl/AVvXsEjd3Vo4tgXSMitthmxtvT17C2Yga8nxnpHkiWx0DGQ/s1600/20151228_123318.jpg]
[blogger.googleusercontent.com/img/b/R29vZ2xl/AVvXsEjd3Vo4tgXSMitthmxtvT17C2Yga8nxnpHkiWx0DGQ/s640/20151228_123318.jpg]
[blogger.googleusercontent.com/img/b/R29vZ2xl/AVvXsEh6g24tieGh3QWmPTRgStJyve_8FBXpfCpVopZASss/s1600/20151228_123324.jpg]
[blogger.googleusercontent.com/img/b/R29vZ2xl/AVvXsEh6g24tieGh3QWmPTRgStJyve_8FBXpfCpVopZASss/s400/20151228_123324.jpg]
[blogger.googleusercontent.com/img/b/R29vZ2xl/AVvXsEhmlBsW0u-lFJyIZbvAM-4upJmbpb0OKK_0mJPJj5R/s1600/20151228_123333.jpg]
[blogger.googleusercontent.com/img/b/R29vZ2xl/AVvXsEhmlBsW0u-lFJyIZbvAM-4upJmbpb0OKK_0mJPJj5R/s640/20151228_123333.jpg]
[blogger.googleusercontent.com/img/b/R29vZ2xl/AVvXsEiqvhKK0hy_MQj8_beI1pC6CkE9JDHYgm08YxmO8gs/s1600/20151228_121115.jpg]
[blogger.googleusercontent.com/img/b/R29vZ2xl/AVvXsEiqvhKK0hy_MQj8_beI1pC6CkE9JDHYgm08YxmO8gs/s640/20151228_121115.jpg]
[blogger.googleusercontent.com/img/b/R29vZ2xl/AVvXsEhBA4fINtow0h7eEECb2HUbxrabYR7ty3HO-2LNCSx/s1600/20151228_121119.jpg]
[blogger.googleusercontent.com/img/b/R29vZ2xl/AVvXsEhBA4fINtow0h7eEECb2HUbxrabYR7ty3HO-2LNCSx/s640/20151228_121119.jpg]
[blogger.googleusercontent.com/img/b/R29vZ2xl/AVvXsEjKNe0Dmth27R8xlLNEVMv4SfooUBpsDlphu7SxUPr/s1600/20151228_122434.jpg]
[blogger.googleusercontent.com/img/b/R29vZ2xl/AVvXsEjKNe0Dmth27R8xlLNEVMv4SfooUBpsDlphu7SxUPr/s640/20151228_122434.jpg]
[blogger.googleusercontent.com/img/b/R29vZ2xl/AVvXsEif8CwOpRs3EfPOwlpsa4hSHLVOSOoJgaAHhn9ua2-/s1600/20151228_122438.jpg]
[blogger.googleusercontent.com/img/b/R29vZ2xl/AVvXsEif8CwOpRs3EfPOwlpsa4hSHLVOSOoJgaAHhn9ua2-/s640/20151228_122438.jpg]
[blogger.googleusercontent.com/img/b/R29vZ2xl/AVvXsEj0zP4Ffm4yaaoTac4GSzPRV0oa-Aze8c5R_qW0RHJ/s1600/20151228_125147.jpg]
[blogger.googleusercontent.com/img/b/R29vZ2xl/AVvXsEj0zP4Ffm4yaaoTac4GSzPRV0oa-Aze8c5R_qW0RHJ/s640/20151228_125147.jpg]
[blogger.googleusercontent.com/img/b/R29vZ2xl/AVvXsEibXbK28_B5Y869NzyhzIfPXHkBCVWNiexKGHiNMvZ/s1600/20151228_123910.jpg]
[blogger.googleusercontent.com/img/b/R29vZ2xl/AVvXsEibXbK28_B5Y869NzyhzIfPXHkBCVWNiexKGHiNMvZ/s640/20151228_123910.jpg]
[blogger.googleusercontent.com/img/b/R29vZ2xl/AVvXsEjhJiVKMl0SBHwdOkaSyhFZdSq6uNBsW24ie-w8guO/s1600/20151228_123854.jpg]
[blogger.googleusercontent.com/img/b/R29vZ2xl/AVvXsEjhJiVKMl0SBHwdOkaSyhFZdSq6uNBsW24ie-w8guO/s640/20151228_123854.jpg]
[blogger.googleusercontent.com/img/b/R29vZ2xl/AVvXsEj2d6JmonqQVeTbOFKDV3IO1_9cvL3YZeNkgxfAoP_/s1600/20151228_123906.jpg]
[blogger.googleusercontent.com/img/b/R29vZ2xl/AVvXsEj2d6JmonqQVeTbOFKDV3IO1_9cvL3YZeNkgxfAoP_/s640/20151228_123906.jpg]
[blogger.googleusercontent.com/img/b/R29vZ2xl/AVvXsEh1fxyWqHuqpo1s3r0eL5AlGQASEyUrH9JxVNO45hs/s1600/20151228_131726.jpg]
[blogger.googleusercontent.com/img/b/R29vZ2xl/AVvXsEh1fxyWqHuqpo1s3r0eL5AlGQASEyUrH9JxVNO45hs/s640/20151228_131726.jpg]
[blogger.googleusercontent.com/img/b/R29vZ2xl/AVvXsEg7CH4W-E9-WjhITzuQC8Vk7SW3K9EyUByRG7sZvkS/s1600/IMG-20151228-WA0034.jpg]
[blogger.googleusercontent.com/img/b/R29vZ2xl/AVvXsEg7CH4W-E9-WjhITzuQC8Vk7SW3K9EyUByRG7sZvkS/s640/IMG-20151228-WA0034.jpg]
[blogger.googleusercontent.com/img/b/R29vZ2xl/AVvXsEg0r8ra5zDJ_fEPul7VfNAFg1__YQfeaPYLXWtzlaQ/s1600/IMG-20151228-WA0033.jpg]
[blogger.googleusercontent.com/img/b/R29vZ2xl/AVvXsEg0r8ra5zDJ_fEPul7VfNAFg1__YQfeaPYLXWtzlaQ/s640/IMG-20151228-WA0033.jpg]
[blogger.googleusercontent.com/img/b/R29vZ2xl/AVvXsEiZe_z0Ed3osINRYZl6tWrYCJ2SUU-USMGBZ798fHc/s1600/20151228_121124.jpg]
[blogger.googleusercontent.com/img/b/R29vZ2xl/AVvXsEiZe_z0Ed3osINRYZl6tWrYCJ2SUU-USMGBZ798fHc/s640/20151228_121124.jpg]
[blogger.googleusercontent.com/img/b/R29vZ2xl/AVvXsEjiuyVXq1m2RQQkXbO-ZxBVdKb80sAd290WaHnYfMP/s1600/BeautyPlus_20151228124135_fast.jpg]
[blogger.googleusercontent.com/img/b/R29vZ2xl/AVvXsEjiuyVXq1m2RQQkXbO-ZxBVdKb80sAd290WaHnYfMP/s640/BeautyPlus_20151228124135_fast.jpg]
[blogger.googleusercontent.com/img/b/R29vZ2xl/AVvXsEjYSHX5mjiOjxYnaLXUUFQL9R6q_1CkhaxQs4Ho9rv/s1600/20151228_134029.jpg]
[blogger.googleusercontent.com/img/b/R29vZ2xl/AVvXsEjYSHX5mjiOjxYnaLXUUFQL9R6q_1CkhaxQs4Ho9rv/s640/20151228_134029.jpg]
[blogger.googleusercontent.com/img/b/R29vZ2xl/AVvXsEgHZ3go_AWoEPsK1og1ReNuA0qxLqRIkBhYqtAWlGC/s1600/20151228_134140.jpg]
[blogger.googleusercontent.com/img/b/R29vZ2xl/AVvXsEgHZ3go_AWoEPsK1og1ReNuA0qxLqRIkBhYqtAWlGC/s640/20151228_134140.jpg]
[cikarocomel.blogspot.com/2015/12/index.html]
[www.linkwithin.com/widget.html]
[connect.facebook.net/en_US/all.js]
[cikarocomel.blogspot.com/2015/12/wang-isteri-adakah-harus-suami.html]
[cikarocomel.blogspot.com/2015/12/ip-man-3.html]
[blogger.googleusercontent.com/img/b/R29vZ2xl/AVvXsEjlo6RbeIlODIkBESklCI3kdarAU4Frgt8N3RpHQIu/s640/20151217_174047.jpg]
[blogger.googleusercontent.com/img/b/R29vZ2xl/AVvXsEjlo6RbeIlODIkBESklCI3kdarAU4Frgt8N3RpHQIu/s1600/20151217_174047.jpg]
[blogger.googleusercontent.com/img/b/R29vZ2xl/AVvXsEhNTsJeGfWknZ5UuWMW5E_536Cq1xlxHDj9qmz47wk/s1600/20151217_175426.jpg]
[blogger.googleusercontent.com/img/b/R29vZ2xl/AVvXsEhNTsJeGfWknZ5UuWMW5E_536Cq1xlxHDj9qmz47wk/s640/20151217_175426.jpg]
[blogger.googleusercontent.com/img/b/R29vZ2xl/AVvXsEiEZLN0YVaTSBGjrXv6K-F5Gvr6L4QPCCvHf2s0n3B/s1600/20151217_175614.jpg]
[blogger.googleusercontent.com/img/b/R29vZ2xl/AVvXsEiEZLN0YVaTSBGjrXv6K-F5Gvr6L4QPCCvHf2s0n3B/s640/20151217_175614.jpg]
[blogger.googleusercontent.com/img/b/R29vZ2xl/AVvXsEihhR0xBOJ_tfyzxd3FZ0nBVOdSQidd_5Tl3WlvUTd/s1600/20151217_182205.jpg]
[blogger.googleusercontent.com/img/b/R29vZ2xl/AVvXsEihhR0xBOJ_tfyzxd3FZ0nBVOdSQidd_5Tl3WlvUTd/s640/20151217_182205.jpg]
[blogger.googleusercontent.com/img/b/R29vZ2xl/AVvXsEikIVs5aid1nr_WZJ3eVYoqS9fbkmWipmBFVMch0ME/s1600/20151217_182246.jpg]
[blogger.googleusercontent.com/img/b/R29vZ2xl/AVvXsEikIVs5aid1nr_WZJ3eVYoqS9fbkmWipmBFVMch0ME/s640/20151217_182246.jpg]
[cikarocomel.blogspot.com/2015/12/traffic-in-hkl.html]
[cikarocomel.blogspot.com/2015/12/restoran-ana-ikan-bakar-petaie3c0.html]
[cikarocomel.blogspot.com/2015/12/restoran-ana-ikan-bakar-petaib58f.html]
[cikarocomel.blogspot.com/2015/12/restoran-ana-ikan-bakar-petaif37e.html]
[cikarocomel.blogspot.com/2015/12/restoran-ana-ikan-bakar-petai.html]
[cikarocomel.blogspot.com/2015/12/boat-noodle-sunway-putra-mall-but-i.html]
[cikarocomel.blogspot.com/2015/12/restoran-ana-ikan-bakar-petaibf62.html]
[cikarocomel.blogspot.com/2015/12/lihat-lah-doniaed54.html]
[cikarocomel.blogspot.com/2015/12/lihat-lah-donia17e3.html]
[cikarocomel.blogspot.com/2015/12/lihat-lah-donia.html]
[cikarocomel.blogspot.com/2015/12/pegaga-malay-authentic-cuisine.html]
[cikarocomel.blogspot.com/2015/12/lihat-lah-donia8735.html]
[cikarocomel.blogspot.com/2015/12/husbands-bufday-celebrationsss-majestic.html]
[cikarocomel.blogspot.com/2015/12/my-other-half-birthdays.html]
[blogger.googleusercontent.com/img/b/R29vZ2xl/AVvXsEh9gs5BuaSIwUhg7DUCOIe4S45Ep-sVU05NZ8U-lnH/s640/ipman0007.jpg]
[blogger.googleusercontent.com/img/b/R29vZ2xl/AVvXsEh9gs5BuaSIwUhg7DUCOIe4S45Ep-sVU05NZ8U-lnH/s1600/ipman0007.jpg]
[blogger.googleusercontent.com/img/b/R29vZ2xl/AVvXsEhEYUAfSTnEj-yD2PCentPLS-Gf7evGtZmO1u1ZEEX/s1600/220px-Yip_Man.jpg]
[blogger.googleusercontent.com/img/b/R29vZ2xl/AVvXsEhEYUAfSTnEj-yD2PCentPLS-Gf7evGtZmO1u1ZEEX/s640/220px-Yip_Man.jpg]
[blogger.googleusercontent.com/img/b/R29vZ2xl/AVvXsEjPD0V0M9pV3RoMR6PAExhVqjOURtwtDkxSQDQTOAB/s1600/Donnie-Yen.jpg]
[blogger.googleusercontent.com/img/b/R29vZ2xl/AVvXsEjPD0V0M9pV3RoMR6PAExhVqjOURtwtDkxSQDQTOAB/s640/Donnie-Yen.jpg]
[blogger.googleusercontent.com/img/b/R29vZ2xl/AVvXsEhzeLL0nIR205aKackQHU352JLKSE3L7s-ZRaQziSS/s1600/IMG-20151226-WA0007.jpg]
[blogger.googleusercontent.com/img/b/R29vZ2xl/AVvXsEhzeLL0nIR205aKackQHU352JLKSE3L7s-ZRaQziSS/s640/IMG-20151226-WA0007.jpg]
[blogger.googleusercontent.com/img/b/R29vZ2xl/AVvXsEhtmrX_eZphyphenhyphenw6-LzNUuiot4q4-0sxQQ/s1600/IMG-20151226-WA0006.jpg]
[blogger.googleusercontent.com/img/b/R29vZ2xl/AVvXsEhtmrX_eZphyphenhyphenw6-LzNUuiot4q4-0sxQQ/s640/IMG-20151226-WA0006.jpg]
[blogger.googleusercontent.com/img/b/R29vZ2xl/AVvXsEixM43ZmhWnOLTsgQPJkDZcNKXqQsfmqUoYHtSeCkj/s1600/20151229_100602.jpg]
[blogger.googleusercontent.com/img/b/R29vZ2xl/AVvXsEixM43ZmhWnOLTsgQPJkDZcNKXqQsfmqUoYHtSeCkj/s640/20151229_100602.jpg]
[blogger.googleusercontent.com/img/b/R29vZ2xl/AVvXsEgWvm3T1QRDkAVREA8efKUo0T27s5-a5h1NbDctG0G/s1600/20151229_100648.jpg]
[blogger.googleusercontent.com/img/b/R29vZ2xl/AVvXsEgWvm3T1QRDkAVREA8efKUo0T27s5-a5h1NbDctG0G/s640/20151229_100648.jpg]
[blogger.googleusercontent.com/img/b/R29vZ2xl/AVvXsEif8Kd-v5prcVF10IhltygWitOfIw1ZXszrmAzUnQO/s1600/20151226_125503.jpg]
[blogger.googleusercontent.com/img/b/R29vZ2xl/AVvXsEif8Kd-v5prcVF10IhltygWitOfIw1ZXszrmAzUnQO/s640/20151226_125503.jpg]
[blogger.googleusercontent.com/img/b/R29vZ2xl/AVvXsEjLEme6RGc6aDIVkbeXy0pjcSN8Fu8k_eqZWEttlrv/s1600/20151226_130427.jpg]
[blogger.googleusercontent.com/img/b/R29vZ2xl/AVvXsEjLEme6RGc6aDIVkbeXy0pjcSN8Fu8k_eqZWEttlrv/s640/20151226_130427.jpg]
[cikarocomel.blogspot.com/2015/12/pre-bufday-present.html]
[cikarocomel.blogspot.com/2015/12/ip-man-3.html]
[cikarocomel.blogspot.com/2015/12/ip-man-3d97c.html]
[blogger.googleusercontent.com/img/b/R29vZ2xl/AVvXsEj5XPcTf9ylZWSghtHGql50Ynu790lGp2ZhD3R3Ry3/s640/20151217_072336.jpg]
[blogger.googleusercontent.com/img/b/R29vZ2xl/AVvXsEj5XPcTf9ylZWSghtHGql50Ynu790lGp2ZhD3R3Ry3/s1600/20151217_072336.jpg]
[blogger.googleusercontent.com/img/b/R29vZ2xl/AVvXsEgKOx9TsBX56LBs4Dwtb5ENRsc-8yOxUOUVxpuGipm/s1600/20151217_072333.jpg]
[blogger.googleusercontent.com/img/b/R29vZ2xl/AVvXsEgKOx9TsBX56LBs4Dwtb5ENRsc-8yOxUOUVxpuGipm/s640/20151217_072333.jpg]
[cikarocomel.blogspot.com/2015/12/adakah-syurga-berpindah-ke-bawah-tapak.html]
[cikarocomel.blogspot.com/2015/12/traffic-in-hkl9b35.html]
[cikarocomel.blogspot.com/2015/12/traffic-in-hkl.html]
[cikarocomel.blogspot.com/2015/12/restoran-ana-ikan-bakar-petaie3c0.html]
[cikarocomel.blogspot.com/2015/12/restoran-ana-ikan-bakar-petaib58f.html]
[cikarocomel.blogspot.com/2015/12/restoran-ana-ikan-bakar-petaif37e.html]
[cikarocomel.blogspot.com/2015/12/restoran-ana-ikan-bakar-petaibf62.html]
[cikarocomel.blogspot.com/2015/12/lihat-lah-doniaed54.html]
[cikarocomel.blogspot.com/2015/12/lihat-lah-donia17e3.html]
[cikarocomel.blogspot.com/2015/12/lihat-lah-donia8735.html]
[cikarocomel.blogspot.com/2015/12/traffic-in-hkl562c.html]
[blogger.googleusercontent.com/img/b/R29vZ2xl/AVvXsEjsqL3hwhavOj5_fh8jKpebBSAIdnHIdnmraahMZlu/s640/2015-12-27 22.21.59.jpg]
[blogger.googleusercontent.com/img/b/R29vZ2xl/AVvXsEjsqL3hwhavOj5_fh8jKpebBSAIdnHIdnmraahMZlu/s1600/2015-12-27 22.21.59.jpg]
[draft.blogger.com/img/logo-16.png]
[www.blogger.com/static/v1/widgets/3807432899-widgets.js]
[cikarocomel.blogspot.com/2015/12/my-other-half-birthdays.html]
[blogger.googleusercontent.com/img/b/R29vZ2xl/AVvXsEhSdw8hSkNaKI0P1DI7GNrr246DAwktTdUop1o-Ult/s640/IMG-20151227-WA0011.jpg]
[blogger.googleusercontent.com/img/b/R29vZ2xl/AVvXsEhSdw8hSkNaKI0P1DI7GNrr246DAwktTdUop1o-Ult/s1600/IMG-20151227-WA0011.jpg]
[blogger.googleusercontent.com/img/b/R29vZ2xl/AVvXsEgYjXnr7rT3SGCj6T4x_V6wXdp-MDayjsQirCmO9gg/s1600/IMG-20151227-WA0012.jpg]
[blogger.googleusercontent.com/img/b/R29vZ2xl/AVvXsEgYjXnr7rT3SGCj6T4x_V6wXdp-MDayjsQirCmO9gg/s640/IMG-20151227-WA0012.jpg]
[blogger.googleusercontent.com/img/b/R29vZ2xl/AVvXsEi6bobchJwqKEVamUogg2F6T0XSFS06dapAOHPcdZu/s1600/20151227_120026.jpg]
[blogger.googleusercontent.com/img/b/R29vZ2xl/AVvXsEi6bobchJwqKEVamUogg2F6T0XSFS06dapAOHPcdZu/s640/20151227_120026.jpg]
[blogger.googleusercontent.com/img/b/R29vZ2xl/AVvXsEi9HTDXVTe5k0uLQOZN4OQ2xJxgvNXOSXtS-A9WNLH/s1600/IMG-20151227-WA0024.jpg]
[blogger.googleusercontent.com/img/b/R29vZ2xl/AVvXsEi9HTDXVTe5k0uLQOZN4OQ2xJxgvNXOSXtS-A9WNLH/s640/IMG-20151227-WA0024.jpg]
[blogger.googleusercontent.com/img/b/R29vZ2xl/AVvXsEjMXfPIlw_ELGLnbJf9xjUYqxKpXIWcPpV2ayCZ5EI/s1600/20151227_144040.jpg]
[blogger.googleusercontent.com/img/b/R29vZ2xl/AVvXsEjMXfPIlw_ELGLnbJf9xjUYqxKpXIWcPpV2ayCZ5EI/s640/20151227_144040.jpg]
[blogger.googleusercontent.com/img/b/R29vZ2xl/AVvXsEiuBwGmQEKI30cE92puQiegTgK6PouJ3SUEXLkW7mx/s1600/20151228_113504.jpg]
[blogger.googleusercontent.com/img/b/R29vZ2xl/AVvXsEiuBwGmQEKI30cE92puQiegTgK6PouJ3SUEXLkW7mx/s640/20151228_113504.jpg]
[blogger.googleusercontent.com/img/b/R29vZ2xl/AVvXsEg34s4JgQl_GYOaKgHvfuqoLOoBQ3fNUeVvM3_lj5-/s1600/edited_20151227_145414.jpg]
[blogger.googleusercontent.com/img/b/R29vZ2xl/AVvXsEg34s4JgQl_GYOaKgHvfuqoLOoBQ3fNUeVvM3_lj5-/s640/edited_20151227_145414.jpg]
[cikarocomel.blogspot.com/2015/12/pre-bufday-present.html]
[cikarocomel.blogspot.com/2015/12/ip-man-3d97c.html]
[cikarocomel.blogspot.com/2015/12/adakah-syurga-berpindah-ke-bawah-tapak.html]
[cikarocomel.blogspot.com/2015/12/traffic-in-hkl9b35.html]
[cikarocomel.blogspot.com/2015/12/traffic-in-hkl562c.html]
[draft.blogger.com/dyn-css/authorizationbbf0.css]
[cikarocomel.blogspot.com/2015/12/after-long-time-secret-recipes.html]
[blogger.googleusercontent.com/img/b/R29vZ2xl/AVvXsEjE6ZshZMQZaJgCcdILSmzOPKzBz-Q5QHuD20P7Q1H/s640/20151213_115611.jpg]
[blogger.googleusercontent.com/img/b/R29vZ2xl/AVvXsEjE6ZshZMQZaJgCcdILSmzOPKzBz-Q5QHuD20P7Q1H/s1600/20151213_115611.jpg]
[blogger.googleusercontent.com/img/b/R29vZ2xl/AVvXsEgTuX3Psc77rbh1FIytuiMEhapTS-9JhlfqhQr1Bvw/s1600/20151213_115521.jpg]
[blogger.googleusercontent.com/img/b/R29vZ2xl/AVvXsEgTuX3Psc77rbh1FIytuiMEhapTS-9JhlfqhQr1Bvw/s640/20151213_115521.jpg]
[blogger.googleusercontent.com/img/b/R29vZ2xl/AVvXsEgeUV9Z0kAbFGcSpidxzqWpa2yBSBtHi45DvQSKVm-/s1600/20151213_115639.jpg]
[blogger.googleusercontent.com/img/b/R29vZ2xl/AVvXsEgeUV9Z0kAbFGcSpidxzqWpa2yBSBtHi45DvQSKVm-/s640/20151213_115639.jpg]
[blogger.googleusercontent.com/img/b/R29vZ2xl/AVvXsEhvMSqCYWISwpEgVA3bpybMBuDnJp0d-XBDZ-UHdiX/s1600/20151213_120000.jpg]
[blogger.googleusercontent.com/img/b/R29vZ2xl/AVvXsEhvMSqCYWISwpEgVA3bpybMBuDnJp0d-XBDZ-UHdiX/s640/20151213_120000.jpg]
[blogger.googleusercontent.com/img/b/R29vZ2xl/AVvXsEhGUtJj7taslYxy2p6MKgBk0ypiXqGc9jdSBcWZOP7/s1600/20151213_120932.jpg]
[blogger.googleusercontent.com/img/b/R29vZ2xl/AVvXsEhGUtJj7taslYxy2p6MKgBk0ypiXqGc9jdSBcWZOP7/s640/20151213_120932.jpg]
[cikarocomel.blogspot.com/2015/12/after-long-time-secret-recipes.html]
[cikarocomel.blogspot.com/2015/12/medication-storage.html]
[blogger.googleusercontent.com/img/b/R29vZ2xl/AVvXsEgfiqUS_XYzpm-VMfJIn8fj4LczBg5K6EhkezDv_ss/s640/20151212_114753.jpg]
[blogger.googleusercontent.com/img/b/R29vZ2xl/AVvXsEgfiqUS_XYzpm-VMfJIn8fj4LczBg5K6EhkezDv_ss/s1600/20151212_114753.jpg]
[blogger.googleusercontent.com/img/b/R29vZ2xl/AVvXsEgPGnT8_vFh-2mwsufEfY0zVma9a2RlW4OOQxiH0CH/s1600/20151212_114705.jpg]
[blogger.googleusercontent.com/img/b/R29vZ2xl/AVvXsEgPGnT8_vFh-2mwsufEfY0zVma9a2RlW4OOQxiH0CH/s640/20151212_114705.jpg]
[cikarocomel.blogspot.com/2015/12/medication-storage.html]
[cikarocomel.blogspot.com/2015/12/kisah-bilik-air-saya.html]
[blogger.googleusercontent.com/img/b/R29vZ2xl/AVvXsEjMU9PBh7_cL1iDg8ddAcj_n46tF7kBaUz18oXY62K/s640/20151212_122541.jpg]
[blogger.googleusercontent.com/img/b/R29vZ2xl/AVvXsEjMU9PBh7_cL1iDg8ddAcj_n46tF7kBaUz18oXY62K/s1600/20151212_122541.jpg]
[blogger.googleusercontent.com/img/b/R29vZ2xl/AVvXsEgaz3s-rtBLoKoSk2Jg4iE_Yk_3T77RoIoZatIiDNE/s1600/20151212_122545.jpg]
[blogger.googleusercontent.com/img/b/R29vZ2xl/AVvXsEgaz3s-rtBLoKoSk2Jg4iE_Yk_3T77RoIoZatIiDNE/s640/20151212_122545.jpg]
[blogger.googleusercontent.com/img/b/R29vZ2xl/AVvXsEibqu32cPHnjytFF2tLzA1tWQRa0BWH7s6E8p673nh/s1600/20151212_122448.jpg]
[blogger.googleusercontent.com/img/b/R29vZ2xl/AVvXsEibqu32cPHnjytFF2tLzA1tWQRa0BWH7s6E8p673nh/s640/20151212_122448.jpg]
[blogger.googleusercontent.com/img/b/R29vZ2xl/AVvXsEj12lnLiGiCUVQ_si891oYjzfeAHQBl3FhFbsbX4ck/s1600/20151212_122441.jpg]
[blogger.googleusercontent.com/img/b/R29vZ2xl/AVvXsEj12lnLiGiCUVQ_si891oYjzfeAHQBl3FhFbsbX4ck/s640/20151212_122441.jpg]
[cikarocomel.blogspot.com/2015/12/tanda-tanda-kematian.html]
[cikarocomel.blogspot.com/2015/12/kisah-bilik-air-saya4d24.html]
[cikarocomel.blogspot.com/2015/12/kisah-bilik-air-saya5fea.html]
[www.blogger.com/img/blogger_logo_round_35.png]
[cikarocomel.blogspot.com/2015/12/kisah-bilik-air-saya6978.html]
[cikarocomel.blogspot.com/2015/12/kisah-bilik-air-saya393a.html]
[cikarocomel.blogspot.com/2015/12/kisah-bilik-air-saya.html]
[cikarocomel.blogspot.com/2015/12/kisah-bilik-air-saya518b.html]
[cikarocomel.blogspot.com/2015/12/tanda-tanda-kematian.html]
[cikarocomel.blogspot.com/2015/12/kisah-bilik-air-saya4d24.html]
[cikarocomel.blogspot.com/2015/12/kisah-bilik-air-saya5fea.html]
[cikarocomel.blogspot.com/2015/12/kisah-bilik-air-saya6978.html]
[cikarocomel.blogspot.com/2015/12/kisah-bilik-air-saya393a.html]
[cikarocomel.blogspot.com/2015/12/kisah-bilik-air-saya518b.html]
[cikarocomel.blogspot.com/2015/12/pusat-konserversi-gajahkuala-gandah.html]
[blogger.googleusercontent.com/img/b/R29vZ2xl/AVvXsEgSwryPZE-9nwMPIUwqmZ3Lb7s06tZV1eVIbmmJdbw/s640/20151209_102701.jpg]
[blogger.googleusercontent.com/img/b/R29vZ2xl/AVvXsEgSwryPZE-9nwMPIUwqmZ3Lb7s06tZV1eVIbmmJdbw/s1600/20151209_102701.jpg]
[blogger.googleusercontent.com/img/b/R29vZ2xl/AVvXsEgelKzn1GcNAKcyUohYNuJzWws-jDCeI9epEvppj3E/s1600/IMG-20151209-WA0020.jpg]
[blogger.googleusercontent.com/img/b/R29vZ2xl/AVvXsEgelKzn1GcNAKcyUohYNuJzWws-jDCeI9epEvppj3E/s640/IMG-20151209-WA0020.jpg]
[blogger.googleusercontent.com/img/b/R29vZ2xl/AVvXsEiEFkqREq7jmrO2sx-gfnOMpohnF0mwjdSNyxyqNLo/s1600/IMG-20151209-WA0025.jpg]
[blogger.googleusercontent.com/img/b/R29vZ2xl/AVvXsEiEFkqREq7jmrO2sx-gfnOMpohnF0mwjdSNyxyqNLo/s640/IMG-20151209-WA0025.jpg]
[blogger.googleusercontent.com/img/b/R29vZ2xl/AVvXsEjHG7QyC2rdu8yhAINrTNe-DW4JA3hMiefACR9l-j8/s1600/BeautyPlus_20151209104355_fast.jpg]
[blogger.googleusercontent.com/img/b/R29vZ2xl/AVvXsEjHG7QyC2rdu8yhAINrTNe-DW4JA3hMiefACR9l-j8/s640/BeautyPlus_20151209104355_fast.jpg]
[blogger.googleusercontent.com/img/b/R29vZ2xl/AVvXsEhtTTvsyfMMy2kNspojQQ59jtqqoEO9_TZpCLxOehb/s1600/IMG-20151209-WA0019.jpg]
[blogger.googleusercontent.com/img/b/R29vZ2xl/AVvXsEhtTTvsyfMMy2kNspojQQ59jtqqoEO9_TZpCLxOehb/s640/IMG-20151209-WA0019.jpg]
[blogger.googleusercontent.com/img/b/R29vZ2xl/AVvXsEhTHEi_AxBxiqdOWgR_zoioiEcH4DUOfU7rwc3lqjM/s1600/20151209_111854.jpg]
[blogger.googleusercontent.com/img/b/R29vZ2xl/AVvXsEhTHEi_AxBxiqdOWgR_zoioiEcH4DUOfU7rwc3lqjM/s640/20151209_111854.jpg]
[blogger.googleusercontent.com/img/b/R29vZ2xl/AVvXsEjxHbaUVtLDN5JhvcVGH5W0iBEBjuqGp-3WbSx9iP7/s1600/IMG-20151209-WA0006.jpg]
[blogger.googleusercontent.com/img/b/R29vZ2xl/AVvXsEjxHbaUVtLDN5JhvcVGH5W0iBEBjuqGp-3WbSx9iP7/s640/IMG-20151209-WA0006.jpg]
[blogger.googleusercontent.com/img/b/R29vZ2xl/AVvXsEhRwlxUxE1Y5Cv37cj26F8hE6OMP7iqOGFGwln5Jys/s1600/IMG-20151209-WA0012.jpg]
[blogger.googleusercontent.com/img/b/R29vZ2xl/AVvXsEhRwlxUxE1Y5Cv37cj26F8hE6OMP7iqOGFGwln5Jys/s640/IMG-20151209-WA0012.jpg]
[blogger.googleusercontent.com/img/b/R29vZ2xl/AVvXsEihWy34LOy6kl0fte035cAsU8IjU0erC3CvkrLwr_V/s1600/P1350077.JPG]
[blogger.googleusercontent.com/img/b/R29vZ2xl/AVvXsEihWy34LOy6kl0fte035cAsU8IjU0erC3CvkrLwr_V/s640/P1350077.JPG]
[cikarocomel.blogspot.com/2015/12/pusat-konserversi-gajahkuala-gandah.html]
[cikarocomel.blogspot.com/2015/12/check-up-for-both-of-us-adik-admitted.html]
[blogger.googleusercontent.com/img/b/R29vZ2xl/AVvXsEjmDzcFJ_4e_YN7nfNi6bBPjg_IdE4yKJ2rBcb-Mox/s640/20151207_095841.jpg]
[blogger.googleusercontent.com/img/b/R29vZ2xl/AVvXsEjmDzcFJ_4e_YN7nfNi6bBPjg_IdE4yKJ2rBcb-Mox/s1600/20151207_095841.jpg]
[blogger.googleusercontent.com/img/b/R29vZ2xl/AVvXsEir4us1b_Zmo8rm59k-AxPyBQHLSg_s6p_PCHfwcCC/s1600/20151207_095851.jpg]
[blogger.googleusercontent.com/img/b/R29vZ2xl/AVvXsEir4us1b_Zmo8rm59k-AxPyBQHLSg_s6p_PCHfwcCC/s640/20151207_095851.jpg]
[blogger.googleusercontent.com/img/b/R29vZ2xl/AVvXsEhpPfWBWOX-R839GE9CUvizuICZah2bfEJMwKJLYLI/s1600/BeautyPlus_20151207072536_fast.jpg]
[blogger.googleusercontent.com/img/b/R29vZ2xl/AVvXsEhpPfWBWOX-R839GE9CUvizuICZah2bfEJMwKJLYLI/s640/BeautyPlus_20151207072536_fast.jpg]
[blogger.googleusercontent.com/img/b/R29vZ2xl/AVvXsEh3Kdi7hAek8QizOgEh_dqiGVWjmZ9nweYePWy7-Ul/s1600/BeautyPlus_20151207072632_fast.jpg]
[blogger.googleusercontent.com/img/b/R29vZ2xl/AVvXsEh3Kdi7hAek8QizOgEh_dqiGVWjmZ9nweYePWy7-Ul/s640/BeautyPlus_20151207072632_fast.jpg]
[blogger.googleusercontent.com/img/b/R29vZ2xl/AVvXsEg8CrPR82U17pmuLqk9-Yg6rO21JLy92BzT6MuetEq/s1600/BeautyPlus_20151207114136_fast.jpg]
[blogger.googleusercontent.com/img/b/R29vZ2xl/AVvXsEg8CrPR82U17pmuLqk9-Yg6rO21JLy92BzT6MuetEq/s640/BeautyPlus_20151207114136_fast.jpg]
[blogger.googleusercontent.com/img/b/R29vZ2xl/AVvXsEilFE8nM1iJNLmEa8AC_4NYhN363d1gySgTX29n4oA/s1600/20151207_114410.jpg]
[blogger.googleusercontent.com/img/b/R29vZ2xl/AVvXsEilFE8nM1iJNLmEa8AC_4NYhN363d1gySgTX29n4oA/s640/20151207_114410.jpg]
[blogger.googleusercontent.com/img/b/R29vZ2xl/AVvXsEi3YUpVOPZwandwPiDP_YmAq29ujQXGJ7-cN1HSKZm/s1600/20151208_082214.jpg]
[blogger.googleusercontent.com/img/b/R29vZ2xl/AVvXsEi3YUpVOPZwandwPiDP_YmAq29ujQXGJ7-cN1HSKZm/s640/20151208_082214.jpg]
[blogger.googleusercontent.com/img/b/R29vZ2xl/AVvXsEi-HgAg9bZJ0bMju6weyWDOm96nz2-q23iucgDhn8L/s1600/20151208_075717.jpg]
[blogger.googleusercontent.com/img/b/R29vZ2xl/AVvXsEi-HgAg9bZJ0bMju6weyWDOm96nz2-q23iucgDhn8L/s640/20151208_075717.jpg]
[blogger.googleusercontent.com/img/b/R29vZ2xl/AVvXsEjvZyQvoibDDBUGCepYuGoogX9gmNdjuk1B-UdL9wv/s1600/20151208_075723.jpg]
[blogger.googleusercontent.com/img/b/R29vZ2xl/AVvXsEjvZyQvoibDDBUGCepYuGoogX9gmNdjuk1B-UdL9wv/s640/20151208_075723.jpg]
[blogger.googleusercontent.com/img/b/R29vZ2xl/AVvXsEhJXcwvfg09sT6Hv6NBuOgOLQJXJrWxHtvtXAjFdNG/s1600/20151208_083508.jpg]
[blogger.googleusercontent.com/img/b/R29vZ2xl/AVvXsEhJXcwvfg09sT6Hv6NBuOgOLQJXJrWxHtvtXAjFdNG/s640/20151208_083508.jpg]
[blogger.googleusercontent.com/img/b/R29vZ2xl/AVvXsEhyAeVWiXVD50-5li9ycOQgc-fHtyZwhcGr_2FanHw/s1600/20151208_101254.jpg]
[blogger.googleusercontent.com/img/b/R29vZ2xl/AVvXsEhyAeVWiXVD50-5li9ycOQgc-fHtyZwhcGr_2FanHw/s640/20151208_101254.jpg]
[blogger.googleusercontent.com/img/b/R29vZ2xl/AVvXsEhWyQh-6DmW6TbAaal_b4q5PilbqA-6Rvm1Efb0wUC/s1600/20151208_100832.jpg]
[blogger.googleusercontent.com/img/b/R29vZ2xl/AVvXsEhWyQh-6DmW6TbAaal_b4q5PilbqA-6Rvm1Efb0wUC/s640/20151208_100832.jpg]
[blogger.googleusercontent.com/img/b/R29vZ2xl/AVvXsEgsqata1slxU6e1S4zZ0jchg0gKhy2Llinl1IX_hNR/s1600/20151208_100900.jpg]
[blogger.googleusercontent.com/img/b/R29vZ2xl/AVvXsEgsqata1slxU6e1S4zZ0jchg0gKhy2Llinl1IX_hNR/s640/20151208_100900.jpg]
[blogger.googleusercontent.com/img/b/R29vZ2xl/AVvXsEhch3qKQZWzDHKb0OVY1mjCor4C1HmWc570sIzfAsh/s1600/20151208_100911.jpg]
[blogger.googleusercontent.com/img/b/R29vZ2xl/AVvXsEhch3qKQZWzDHKb0OVY1mjCor4C1HmWc570sIzfAsh/s640/20151208_100911.jpg]
[blogger.googleusercontent.com/img/b/R29vZ2xl/AVvXsEhSaTGQXFwBG_g2IaKOtTUrprBaS2pztaVt86-LhYE/s1600/BeautyPlus_20151208203134_save.jpg]
[blogger.googleusercontent.com/img/b/R29vZ2xl/AVvXsEhSaTGQXFwBG_g2IaKOtTUrprBaS2pztaVt86-LhYE/s640/BeautyPlus_20151208203134_save.jpg]
[blogger.googleusercontent.com/img/b/R29vZ2xl/AVvXsEjlWJ22GAgrixQCAJuMyIuKo6ZWmpqkVJGg4hrN-_F/s1600/20151208_134121.jpg]
[blogger.googleusercontent.com/img/b/R29vZ2xl/AVvXsEjlWJ22GAgrixQCAJuMyIuKo6ZWmpqkVJGg4hrN-_F/s640/20151208_134121.jpg]
[blogger.googleusercontent.com/img/b/R29vZ2xl/AVvXsEh2Ab7FhT0bDvGQozkdfc27mnE6avBRCtO0q5ET9-p/s1600/IMG-20151208-WA0017.jpg]
[blogger.googleusercontent.com/img/b/R29vZ2xl/AVvXsEh2Ab7FhT0bDvGQozkdfc27mnE6avBRCtO0q5ET9-p/s640/IMG-20151208-WA0017.jpg]
[blogger.googleusercontent.com/img/b/R29vZ2xl/AVvXsEiXisiQulxkdMZwV8US439ZnlHalvUXyIEXbymMnLo/s1600/IMG-20151208-WA0019.jpg]
[blogger.googleusercontent.com/img/b/R29vZ2xl/AVvXsEiXisiQulxkdMZwV8US439ZnlHalvUXyIEXbymMnLo/s640/IMG-20151208-WA0019.jpg]
[blogger.googleusercontent.com/img/b/R29vZ2xl/AVvXsEiKJVPZYf_FQ1CIa0JtO1kg5xe3mMk4MmRBME8GYZF/s1600/IMG-20151208-WA0013.jpg]
[blogger.googleusercontent.com/img/b/R29vZ2xl/AVvXsEiKJVPZYf_FQ1CIa0JtO1kg5xe3mMk4MmRBME8GYZF/s640/IMG-20151208-WA0013.jpg]
[blogger.googleusercontent.com/img/b/R29vZ2xl/AVvXsEjX-RydIheYrNKFrhliRCilxigjynOt6uCIo5huvhF/s1600/IMG-20151209-WA0047.jpg]
[blogger.googleusercontent.com/img/b/R29vZ2xl/AVvXsEjX-RydIheYrNKFrhliRCilxigjynOt6uCIo5huvhF/s640/IMG-20151209-WA0047.jpg]
[blogger.googleusercontent.com/img/b/R29vZ2xl/AVvXsEgQDLD2-c8vVMzP3js8wQgLfuzjXwrVcCFTIqw6N39/s1600/IMG-20151208-WA0018.jpg]
[blogger.googleusercontent.com/img/b/R29vZ2xl/AVvXsEgQDLD2-c8vVMzP3js8wQgLfuzjXwrVcCFTIqw6N39/s640/IMG-20151208-WA0018.jpg]
[blogger.googleusercontent.com/img/b/R29vZ2xl/AVvXsEgSDpoSfOS5nh6jObSN2t0-cmrQhD3_rWUPpZv150x/s1600/20151208_182000.jpg]
[blogger.googleusercontent.com/img/b/R29vZ2xl/AVvXsEgSDpoSfOS5nh6jObSN2t0-cmrQhD3_rWUPpZv150x/s640/20151208_182000.jpg]
[blogger.googleusercontent.com/img/b/R29vZ2xl/AVvXsEgyoZQpEAZwsj4MRdlozV6fBT2hOJsFRLnrQTOm-Ef/s1600/20151208_182644.jpg]
[blogger.googleusercontent.com/img/b/R29vZ2xl/AVvXsEgyoZQpEAZwsj4MRdlozV6fBT2hOJsFRLnrQTOm-Ef/s640/20151208_182644.jpg]
[blogger.googleusercontent.com/img/b/R29vZ2xl/AVvXsEigEcYXZe9OJaZc3xSWZC8D2dmMaBYWCCwKGjnokB7/s1600/20151208_183725.jpg]
[blogger.googleusercontent.com/img/b/R29vZ2xl/AVvXsEigEcYXZe9OJaZc3xSWZC8D2dmMaBYWCCwKGjnokB7/s640/20151208_183725.jpg]
[blogger.googleusercontent.com/img/b/R29vZ2xl/AVvXsEgueqnl3QHo36_fXDSwuFvNsdokmH9UURJjH9yAmGV/s1600/20151208_183736.jpg]
[blogger.googleusercontent.com/img/b/R29vZ2xl/AVvXsEgueqnl3QHo36_fXDSwuFvNsdokmH9UURJjH9yAmGV/s400/20151208_183736.jpg]
[blogger.googleusercontent.com/img/b/R29vZ2xl/AVvXsEhE749tyuhZRMdl5UTvHD185TNVES3d5Z9KGH6fV-s/s1600/IMG-20151209-WA0045.jpg]
[blogger.googleusercontent.com/img/b/R29vZ2xl/AVvXsEhE749tyuhZRMdl5UTvHD185TNVES3d5Z9KGH6fV-s/s640/IMG-20151209-WA0045.jpg]
[cikarocomel.blogspot.com/2015/12/check-up-for-both-of-us-adik-admitted.html]
[cikarocomel.blogspot.com/2015/12/abam-simple-bufday-celebration.html]
[blogger.googleusercontent.com/img/b/R29vZ2xl/AVvXsEgHZdXP1oh4FaVR0NmlGrc-Cm9eqPY5-5dAzTAhQjv/s640/IMG-20151206-WA0008.jpg]
[blogger.googleusercontent.com/img/b/R29vZ2xl/AVvXsEgHZdXP1oh4FaVR0NmlGrc-Cm9eqPY5-5dAzTAhQjv/s1600/IMG-20151206-WA0008.jpg]
[blogger.googleusercontent.com/img/b/R29vZ2xl/AVvXsEhokqKnDAjc15L4bYYckrvc_jbHKT49NZh77nqUlhY/s1600/IMG-20151206-WA0009.jpg]
[blogger.googleusercontent.com/img/b/R29vZ2xl/AVvXsEhokqKnDAjc15L4bYYckrvc_jbHKT49NZh77nqUlhY/s640/IMG-20151206-WA0009.jpg]
[blogger.googleusercontent.com/img/b/R29vZ2xl/AVvXsEj6XGhAxdrppkHrgGyq8WIGfSmLnZwWlYbd14IYmdi/s1600/IMG-20151206-WA0011.jpg]
[blogger.googleusercontent.com/img/b/R29vZ2xl/AVvXsEj6XGhAxdrppkHrgGyq8WIGfSmLnZwWlYbd14IYmdi/s640/IMG-20151206-WA0011.jpg]
[blogger.googleusercontent.com/img/b/R29vZ2xl/AVvXsEgWINTLdGDVG_oqini6VBOTn72RM87c8yM70-qUeOd/s1600/IMG-20151206-WA0021.jpg]
[blogger.googleusercontent.com/img/b/R29vZ2xl/AVvXsEgWINTLdGDVG_oqini6VBOTn72RM87c8yM70-qUeOd/s640/IMG-20151206-WA0021.jpg]
[blogger.googleusercontent.com/img/b/R29vZ2xl/AVvXsEh1JG2uGQDv50leC81xcy_Z9c3yDQF1N0Rey_OYRA2/s1600/IMG-20151206-WA0022.jpg]
[blogger.googleusercontent.com/img/b/R29vZ2xl/AVvXsEh1JG2uGQDv50leC81xcy_Z9c3yDQF1N0Rey_OYRA2/s640/IMG-20151206-WA0022.jpg]
[cikarocomel.blogspot.com/2015/12/abam-simple-bufday-celebration.html]
[cikarocomel.blogspot.com/2015/12/my-usual-saturday.html]
[blogger.googleusercontent.com/img/b/R29vZ2xl/AVvXsEjsjMjehCkfKF3ok9_3tCIb_ap_nYKWwhEZ6JyQ3IK/s640/20151205_110942.jpg]
[blogger.googleusercontent.com/img/b/R29vZ2xl/AVvXsEjsjMjehCkfKF3ok9_3tCIb_ap_nYKWwhEZ6JyQ3IK/s1600/20151205_110942.jpg]
[blogger.googleusercontent.com/img/b/R29vZ2xl/AVvXsEimw0l9kIDctpbRiL8RSrIzkt7vfDz2_39E4_W9lYz/s1600/20151205_093054.jpg]
[blogger.googleusercontent.com/img/b/R29vZ2xl/AVvXsEimw0l9kIDctpbRiL8RSrIzkt7vfDz2_39E4_W9lYz/s640/20151205_093054.jpg]
[blogger.googleusercontent.com/img/b/R29vZ2xl/AVvXsEhGi4QYzotTj56ayuSlub4MJ1ANMVY5_EZ-YleYh0S/s1600/20151205_094104.jpg]
[blogger.googleusercontent.com/img/b/R29vZ2xl/AVvXsEhGi4QYzotTj56ayuSlub4MJ1ANMVY5_EZ-YleYh0S/s640/20151205_094104.jpg]
[blogger.googleusercontent.com/img/b/R29vZ2xl/AVvXsEjHIlD4GUSgke2tfgAfkfLVoT3zJFszDyUcDn9tpFL/s1600/20151205_154414.jpg]
[blogger.googleusercontent.com/img/b/R29vZ2xl/AVvXsEjHIlD4GUSgke2tfgAfkfLVoT3zJFszDyUcDn9tpFL/s640/20151205_154414.jpg]
[blogger.googleusercontent.com/img/b/R29vZ2xl/AVvXsEg0-OrK9UIxff6y6lncYsyiClOw9drdOld8hGTcpa4/s1600/20151205_160854.jpg]
[blogger.googleusercontent.com/img/b/R29vZ2xl/AVvXsEg0-OrK9UIxff6y6lncYsyiClOw9drdOld8hGTcpa4/s640/20151205_160854.jpg]
[cikarocomel.blogspot.com/2015/12/my-usual-saturday.html]
[cikarocomel.blogspot.com/2015/12/friday-punya-celita.html]
[blogger.googleusercontent.com/img/b/R29vZ2xl/AVvXsEjyZZ6p5CoycXOyy5bnFKjeHQEe19-mkWoEvDr0Dyr/s640/20151204_101854.jpg]
[blogger.googleusercontent.com/img/b/R29vZ2xl/AVvXsEjyZZ6p5CoycXOyy5bnFKjeHQEe19-mkWoEvDr0Dyr/s1600/20151204_101854.jpg]
[blogger.googleusercontent.com/img/b/R29vZ2xl/AVvXsEhBsHPgfaB_RBKhbdGFm5Hj8jQwpxLqlbyKMbER90Y/s1600/20151204_105313.jpg]
[blogger.googleusercontent.com/img/b/R29vZ2xl/AVvXsEhBsHPgfaB_RBKhbdGFm5Hj8jQwpxLqlbyKMbER90Y/s640/20151204_105313.jpg]
[blogger.googleusercontent.com/img/b/R29vZ2xl/AVvXsEi9owHJsASojwi_aq2HrnagXQzKxxKdRFjB6kKBipa/s1600/20151204_111234.jpg]
[blogger.googleusercontent.com/img/b/R29vZ2xl/AVvXsEi9owHJsASojwi_aq2HrnagXQzKxxKdRFjB6kKBipa/s640/20151204_111234.jpg]
[blogger.googleusercontent.com/img/b/R29vZ2xl/AVvXsEgK59liGK7Zjt3p8G1k3OnopCmdUciQrfTii4_IReZ/s1600/IMG-20151204-WA0029.jpg]
[blogger.googleusercontent.com/img/b/R29vZ2xl/AVvXsEgK59liGK7Zjt3p8G1k3OnopCmdUciQrfTii4_IReZ/s640/IMG-20151204-WA0029.jpg]
[blogger.googleusercontent.com/img/b/R29vZ2xl/AVvXsEj8-WhyphenhyphenytbRMBaD9vTRcl5IlLLNyJ-R3/s1600/IMG-20151204-WA0033.jpg]
[blogger.googleusercontent.com/img/b/R29vZ2xl/AVvXsEj8-WhyphenhyphenytbRMBaD9vTRcl5IlLLNyJ-R3/s640/IMG-20151204-WA0033.jpg]
[blogger.googleusercontent.com/img/b/R29vZ2xl/AVvXsEh5buWJVBGBT5RIZJCQqpcOBVkep8MBSGu4O0niqq4/s1600/IMG-20151204-WA0031.jpg]
[blogger.googleusercontent.com/img/b/R29vZ2xl/AVvXsEh5buWJVBGBT5RIZJCQqpcOBVkep8MBSGu4O0niqq4/s640/IMG-20151204-WA0031.jpg]
[blogger.googleusercontent.com/img/b/R29vZ2xl/AVvXsEjtlPn8zUGVvVzlWZBDZPsHZ6Eb5365ySpm_L3AP6F/s1600/IMG-20151205-WA0006.jpg]
[blogger.googleusercontent.com/img/b/R29vZ2xl/AVvXsEjtlPn8zUGVvVzlWZBDZPsHZ6Eb5365ySpm_L3AP6F/s640/IMG-20151205-WA0006.jpg]
[blogger.googleusercontent.com/img/b/R29vZ2xl/AVvXsEgN1P5x96z9F7WIIo4FBxQ-zpS89gPvj8Qw-GLTXJ4/s1600/20151204_143311.jpg]
[blogger.googleusercontent.com/img/b/R29vZ2xl/AVvXsEgN1P5x96z9F7WIIo4FBxQ-zpS89gPvj8Qw-GLTXJ4/s640/20151204_143311.jpg]
[blogger.googleusercontent.com/img/b/R29vZ2xl/AVvXsEgVsEpfBoXMRLPFCchbepAiyjvejo1bMYgD_QBIlX4/s1600/20151204_143322.jpg]
[blogger.googleusercontent.com/img/b/R29vZ2xl/AVvXsEgVsEpfBoXMRLPFCchbepAiyjvejo1bMYgD_QBIlX4/s640/20151204_143322.jpg]
[blogger.googleusercontent.com/img/b/R29vZ2xl/AVvXsEg-CKUuMdTHldchF55cxvfzEnIzpouP-n4akpiSXdl/s1600/20151204_145407.jpg]
[blogger.googleusercontent.com/img/b/R29vZ2xl/AVvXsEg-CKUuMdTHldchF55cxvfzEnIzpouP-n4akpiSXdl/s640/20151204_145407.jpg]
[blogger.googleusercontent.com/img/b/R29vZ2xl/AVvXsEgC8Dy72p0i6DxDi5EnOyfjW2KzuUxMWmA6p8OywWA/s1600/20151204_145436.jpg]
[blogger.googleusercontent.com/img/b/R29vZ2xl/AVvXsEgC8Dy72p0i6DxDi5EnOyfjW2KzuUxMWmA6p8OywWA/s640/20151204_145436.jpg]
[blogger.googleusercontent.com/img/b/R29vZ2xl/AVvXsEjCKHAvgS7AqYIWFf__EsAZNKHBMC_DkpmRFCHu6wY/s1600/20151204_145449.jpg]
[blogger.googleusercontent.com/img/b/R29vZ2xl/AVvXsEjCKHAvgS7AqYIWFf__EsAZNKHBMC_DkpmRFCHu6wY/s640/20151204_145449.jpg]
[blogger.googleusercontent.com/img/b/R29vZ2xl/AVvXsEjW9YNOlsZ1O3dIAdffCSYoKEw1FVHRQPhg7inZi9A/s1600/20151204_145459.jpg]
[blogger.googleusercontent.com/img/b/R29vZ2xl/AVvXsEjW9YNOlsZ1O3dIAdffCSYoKEw1FVHRQPhg7inZi9A/s640/20151204_145459.jpg]
[blogger.googleusercontent.com/img/b/R29vZ2xl/AVvXsEgtZvJbYcLpigNcMYJONdRnFugwPtl3kWuVyiy95gg/s1600/20151204_145526.jpg]
[blogger.googleusercontent.com/img/b/R29vZ2xl/AVvXsEgtZvJbYcLpigNcMYJONdRnFugwPtl3kWuVyiy95gg/s640/20151204_145526.jpg]
[blogger.googleusercontent.com/img/b/R29vZ2xl/AVvXsEjQcbLD7fRlj60g0x0NXa3O57liH4iJRcMZ4y2OI6N/s1600/20151204_171819.jpg]
[blogger.googleusercontent.com/img/b/R29vZ2xl/AVvXsEjQcbLD7fRlj60g0x0NXa3O57liH4iJRcMZ4y2OI6N/s640/20151204_171819.jpg]
[blogger.googleusercontent.com/img/b/R29vZ2xl/AVvXsEhxeS_UoI3ZmORafY2TDmEdVoQM4ZbvkOidE9NJcTs/s1600/20151204_171950.jpg]
[blogger.googleusercontent.com/img/b/R29vZ2xl/AVvXsEhxeS_UoI3ZmORafY2TDmEdVoQM4ZbvkOidE9NJcTs/s640/20151204_171950.jpg]
[blogger.googleusercontent.com/img/b/R29vZ2xl/AVvXsEgvx28WtXxpHf6r8FPyQxM4R5-hHUD2FT0yA5EdiDp/s1600/20151204_171847.jpg]
[blogger.googleusercontent.com/img/b/R29vZ2xl/AVvXsEgvx28WtXxpHf6r8FPyQxM4R5-hHUD2FT0yA5EdiDp/s640/20151204_171847.jpg]
[cikarocomel.blogspot.com/2015/12/the-husband.html]
[cikarocomel.blogspot.com/2015/12/friday-punya-celita8612.html]
[cikarocomel.blogspot.com/2015/12/friday-punya-celita.html]
[cikarocomel.blogspot.com/2015/12/friday-punya-celita3b8a.html]
[blogger.googleusercontent.com/img/b/R29vZ2xl/AVvXsEgYunIQQdBwV2dYfSAsusA3JMQ-szrHl-Rk7rMknN0/s640/IMG-20151203-WA0006.jpg]
[blogger.googleusercontent.com/img/b/R29vZ2xl/AVvXsEgYunIQQdBwV2dYfSAsusA3JMQ-szrHl-Rk7rMknN0/s1600/IMG-20151203-WA0006.jpg]
[blogger.googleusercontent.com/img/b/R29vZ2xl/AVvXsEg-VqDnMfpJlQwCrkU0dSss_xXYukdCMKPR6AJIYcP/s1600/20151203_203400.jpg]
[blogger.googleusercontent.com/img/b/R29vZ2xl/AVvXsEg-VqDnMfpJlQwCrkU0dSss_xXYukdCMKPR6AJIYcP/s640/20151203_203400.jpg]
[blogger.googleusercontent.com/img/b/R29vZ2xl/AVvXsEjW_jLJvm-ud6uv-ZdMRN1h3LapljX0QEYWQv28gke/s1600/BeautyPlus_20151204070700_fast.jpg]
[blogger.googleusercontent.com/img/b/R29vZ2xl/AVvXsEjW_jLJvm-ud6uv-ZdMRN1h3LapljX0QEYWQv28gke/s640/BeautyPlus_20151204070700_fast.jpg]
[blogger.googleusercontent.com/img/b/R29vZ2xl/AVvXsEjv7rH8Q3DA13ZK0H1660bI9b8PFL9xASOMUrWhWb3/s1600/20151203_135558.jpg]
[blogger.googleusercontent.com/img/b/R29vZ2xl/AVvXsEhKaDeKecueCtDiHHOCMPY0frD_jDfW70ZE9TcZExZ/s1600/20151203_203139.jpg]
[blogger.googleusercontent.com/img/b/R29vZ2xl/AVvXsEhKaDeKecueCtDiHHOCMPY0frD_jDfW70ZE9TcZExZ/s640/20151203_203139.jpg]
[blogger.googleusercontent.com/img/b/R29vZ2xl/AVvXsEjPUttYRR-wCAJerTaxtZ7tZFvYa6XTdjWjKgavvri/s1600/20151203_203344.jpg]
[blogger.googleusercontent.com/img/b/R29vZ2xl/AVvXsEjPUttYRR-wCAJerTaxtZ7tZFvYa6XTdjWjKgavvri/s640/20151203_203344.jpg]
[blogger.googleusercontent.com/img/b/R29vZ2xl/AVvXsEhQaF_5OyD6u2HjTGLd0XdJ-xE4D01Q_tLLnGFs_xd/s1600/BeautyPlus_20151204071205_fast.jpg]
[blogger.googleusercontent.com/img/b/R29vZ2xl/AVvXsEhQaF_5OyD6u2HjTGLd0XdJ-xE4D01Q_tLLnGFs_xd/s640/BeautyPlus_20151204071205_fast.jpg]
[cikarocomel.blogspot.com/2015/12/mengambil-pil-penahan-haid-untuk.html]
[cikarocomel.blogspot.com/2015/12/the-husband098b.html]
[cikarocomel.blogspot.com/2015/12/the-husband9039.html]
[cikarocomel.blogspot.com/2015/12/the-husband1be5.html]
[cikarocomel.blogspot.com/2015/12/the-husband394d.html]
[cikarocomel.blogspot.com/2015/12/the-husband.html]
[cikarocomel.blogspot.com/2015/12/friday-punya-celita8612.html]
[cikarocomel.blogspot.com/2015/12/friday-punya-celita3b8a.html]
[cikarocomel.blogspot.com/2015/12/the-husband2cb8.html]
[cikarocomel.blogspot.com/2015/12/hati-yang-tercalar.html]
[cikarocomel.blogspot.com/2015/12/mengambil-pil-penahan-haid-untuk.html]
[cikarocomel.blogspot.com/2015/12/the-husband098b.html]
[cikarocomel.blogspot.com/2015/12/the-husband9039.html]
[cikarocomel.blogspot.com/2015/12/the-husband1be5.html]
[cikarocomel.blogspot.com/2015/12/the-husband394d.html]
[cikarocomel.blogspot.com/2015/12/the-husband2cb8.html]
[cikarocomel.blogspot.com/2015/12/mengambil-pil-penahan-haid-untuk4d2b.html]
[blogger.googleusercontent.com/img/b/R29vZ2xl/AVvXsEgal8cIUQMe-UQuhvbp58_Ob-IPjolw87RPlYcLwmQ/s640/Perjalanan hidup Yus Jambu.jpg]
[blogger.googleusercontent.com/img/b/R29vZ2xl/AVvXsEgal8cIUQMe-UQuhvbp58_Ob-IPjolw87RPlYcLwmQ/s1600/Perjalanan hidup Yus Jambu.jpg]
[blogger.googleusercontent.com/img/b/R29vZ2xl/AVvXsEgNyi3QE3wd5vzcpqUxiwWtloLwCL_NxDzFhG4UkjX/s1600/index.jpg]
[blogger.googleusercontent.com/img/b/R29vZ2xl/AVvXsEgNyi3QE3wd5vzcpqUxiwWtloLwCL_NxDzFhG4UkjX/s640/index.jpg]
[blogger.googleusercontent.com/img/b/R29vZ2xl/AVvXsEjC0H_t1BYuBNVI1HpSgqQ9bLOdsF97PVMw92IL4hq/s1600/20151130_121141.jpg]
[blogger.googleusercontent.com/img/b/R29vZ2xl/AVvXsEjC0H_t1BYuBNVI1HpSgqQ9bLOdsF97PVMw92IL4hq/s640/20151130_121141.jpg]
[blogger.googleusercontent.com/img/b/R29vZ2xl/AVvXsEhT7QwYlCFS1TeZBe1uqBc3oqDerwvqFq8yhuhLIJb/s1600/20151201_070239.jpg]
[blogger.googleusercontent.com/img/b/R29vZ2xl/AVvXsEhT7QwYlCFS1TeZBe1uqBc3oqDerwvqFq8yhuhLIJb/s640/20151201_070239.jpg]
[blogger.googleusercontent.com/img/b/R29vZ2xl/AVvXsEgMMWpZeRDD4EsYNm9-9dcEaYa9q9cbqSySdAomlC0/s1600/20151201_070229.jpg]
[blogger.googleusercontent.com/img/b/R29vZ2xl/AVvXsEgMMWpZeRDD4EsYNm9-9dcEaYa9q9cbqSySdAomlC0/s640/20151201_070229.jpg]
[blogger.googleusercontent.com/img/b/R29vZ2xl/AVvXsEjJ6jb43PAnznmkGhG8PJcGe76PjDmgrtvx4_5HbOB/s1600/20151201_070239.jpg]
[cikarocomel.blogspot.com/2015/12/hati-yang-tercalar.html]
[cikarocomel.blogspot.com/2015/12/mengambil-pil-penahan-haid-untuk4d2b.html]
