[ipohsecrets.com/kellies-castle/index.html]
[backblue.gif]
[fade.gif]
[index.html]
[ipohsecrets.com/wp-content/uploads/2024/05/a7863f54-9b3d-4d47-bdcb-a3886b1bff18.jpg]
[c0.wp.com/c/6.3.5/wp-includes/css/dist/block-library/style.min.css]
[c0.wp.com/c/6.3.5/wp-includes/js/mediaelement/mediaelementplayer-legacy.min.css]
[c0.wp.com/c/6.3.5/wp-includes/js/mediaelement/wp-mediaelement.min.css]
[ipohsecrets.com/kellies-castle/feed/index.html]
[c0.wp.com/p/jetpack/13.3.2/css/jetpack.css]
[c0.wp.com/p/jetpack/13.3.2/_inc/build/related-posts/related-posts.min.js]
[c0.wp.com/c/6.3.5/wp-includes/js/jquery/jquery.min.js]
[c0.wp.com/c/6.3.5/wp-includes/js/jquery/jquery-migrate.min.js]
[ipohsecrets.com/wp-content/plugins/wp-tripadvisor-review-slider/public/js/wprs-unslider-swipec0b7.js]
[ipohsecrets.com/wp-content/plugins/wp-tripadvisor-review-slider/public/js/wprev-publicc0b7.js]
[i0.wp.com/ipohsecrets.com/wp-content/uploads/2018/01/Logo-Color-300px-e1576058805263e43b.png]
[i0.wp.com/ipohsecrets.com/wp-content/uploads/2018/01/Logo-Color-300px-e157605880526398d8.png]
[i0.wp.com/ipohsecrets.com/wp-content/uploads/2018/01/Logo-Color-300px-e1576058805263f9b5.png]
[i0.wp.com/ipohsecrets.com/wp-content/uploads/2024/05/30D46AF5-A87B-4C2C-813B-4BD82C5C4553f382.jpg]
[i0.wp.com/ipohsecrets.com/wp-content/uploads/2024/05/DEA42EA9-2112-4BA8-8A74-60EB677FAB9Bf382.jpg]
[i0.wp.com/ipohsecrets.com/wp-content/uploads/2024/05/5F7A40E9-DD9D-4AFC-9C6D-3BE0712E5650f382.jpg]
[i0.wp.com/www.tripadvisor.com.my/img/cdsi/img2/awards/CoE2017_WidgetAsset-14348-27cdd.png]
[ipohsecrets.com/wp-content/plugins/jetpack/jetpack_vendor/automattic/jetpack-image-cdn/dist/image-cdndca9.js]
[ipohsecrets.com/wp-content/plugins/contact-form-7/includes/swv/js/index7404.js]
[ipohsecrets.com/wp-content/plugins/contact-form-7/includes/js/index7404.js]
[ipohsecrets.com/wp-content/themes/sydney/js/functions.mind7bf.js]
[ipohsecrets.com/wp-content/themes/sydney/js/scripts072b.js]
[ipohsecrets.com/wp-content/themes/sydney/js/so-legacy072b.js]
[ipohsecrets.com/wp-content/themes/sydney/js/so-legacy-main.min072b.js]
[c0.wp.com/c/6.3.5/wp-includes/js/comment-reply.min.js]
[c0.wp.com/c/6.3.5/wp-includes/js/imagesloaded.min.js]
[c0.wp.com/c/6.3.5/wp-includes/js/masonry.min.js]
[c0.wp.com/c/6.3.5/wp-includes/js/jquery/jquery.masonry.min.js]
[www.google.com/recaptcha/api2810.js]
[c0.wp.com/c/6.3.5/wp-includes/js/dist/vendor/wp-polyfill-inert.min.js]
[c0.wp.com/c/6.3.5/wp-includes/js/dist/vendor/regenerator-runtime.min.js]
[c0.wp.com/c/6.3.5/wp-includes/js/dist/vendor/wp-polyfill.min.js]
[ipohsecrets.com/wp-content/plugins/contact-form-7/modules/recaptcha/index7404.js]
[stats.wp.com/e-202450.js]
[ipohsecrets.com/wp-content/plugins/akismet/_inc/akismet-frontend0190.js]
[ipohsecrets.com/kellies-castle/index.html]
[ipohsecrets.com/wp-content/themes/sydney/css/bootstrap/bootstrap.min68b3.css]
[c0.wp.com/c/6.3.5/wp-includes/css/dist/block-library/style.min.css]
[c0.wp.com/c/6.3.5/wp-includes/js/mediaelement/mediaelementplayer-legacy.min.css]
[c0.wp.com/c/6.3.5/wp-includes/js/mediaelement/wp-mediaelement.min.css]
[ipohsecrets.com/wp-content/plugins/contact-form-7/includes/css/styles7404.css]
[c0.wp.com/c/6.3.5/wp-includes/js/mediaelement/mejs-controls.svg]
[ipohsecrets.com/wp-content/plugins/wp-tripadvisor-review-slider/public/css/imgs/slider_arrow.png]
[ipohsecrets.com/wp-content/plugins/wp-tripadvisor-review-slider/public/css/wptripadvisor_allc0b7.css]
[ipohsecrets.com/wp-content/themes/sydney/style072b.css]
[ipohsecrets.com/wp-content/themes/sydney-ipohsecrets/style898b.css]
[ipohsecrets.com/wp-content/themes/sydney/css/components/siteorigin.min2443.css]
[ipohsecrets.com/wp-content/themes/sydney/fonts/fontawesome-webfont3e6e.eot]
[ipohsecrets.com/wp-content/themes/sydney/fonts/fontawesome-webfontd41d.eot]
[ipohsecrets.com/wp-content/themes/sydney/fonts/fontawesome-webfont3e6e.woff2]
[ipohsecrets.com/wp-content/themes/sydney/fonts/fontawesome-webfont3e6e.woff]
[ipohsecrets.com/wp-content/themes/sydney/fonts/fontawesome-webfont3e6e.ttf]
[ipohsecrets.com/wp-content/themes/sydney/fonts/font-awesome.min072b.css]
[ipohsecrets.com/wp-content/themes/sydney/css/components/comments.min2443.css]
[ipohsecrets.com/wp-content/themes/sydney/css/styles.min898b.css]
[ipohsecrets.com/wp-content/plugins/simple-lightbox/client/css/appf342.css]
[c0.wp.com/p/jetpack/13.3.2/modules/shortcodes/img/slideshow-controls.png]
[c0.wp.com/p/jetpack/13.3.2/modules/shortcodes/img/slideshow-controls-2x.png]
[c0.wp.com/p/jetpack/13.3.2/modules/shortcodes/images/slide-nav.png]
[c0.wp.com/p/jetpack/13.3.2/modules/shortcodes/images/expand.png]
[c0.wp.com/p/jetpack/13.3.2/modules/shortcodes/images/collapse.png]
[c0.wp.com/p/jetpack/13.3.2/css/jetpack.css]
[ipohsecrets.com/kellies-castle/iframe.html]
[c0.wp.com/c/6.3.5/wp-includes/js/mediaelement/mejs-controls.svg]
[ipohsecrets.com/wp-content/themes/sydney/fonts/fontawesome-webfont3e6e.svg]
