[kelliecastle.blogspot.com/2018/04/kellies-castle.html]
[backblue.gif]
[fade.gif]
[index.html]
[blogger.googleusercontent.com/img/b/R29vZ2xl/AVvXsEjwFQ-Nxuv_7GoKFDIWkpXXJztg_mKPqemI-Kqa7OQ/s640/kelliecastlewallpaper2.jpg]
[4.bp.blogspot.com/-ga_VSHBlktY/Ws753n8dtNI/AAAAAAAAAW4/ULD5f0nDluoQn1Xvi7TH0QPb8Nns9ff4wCK4BGAYYCw/s0/background kellie.jpg]
[resources.blogblog.com/blogblog/data/1kt/travel/bg_black_70.png]
[resources.blogblog.com/blogblog/data/1kt/travel/bg_black_50.png]
[apis.google.com/js/platform.js]
[pagead2.googlesyndication.com/pagead/js/f.txt]
[blogger.googleusercontent.com/img/b/R29vZ2xl/AVvXsEjwFQ-Nxuv_7GoKFDIWkpXXJztg_mKPqemI-Kqa7OQ/s1600/kelliecastlewallpaper2.jpg]
[blogger.googleusercontent.com/img/b/R29vZ2xl/AVvXsEjMQ_qngC_jiUpSwnIm_Ty8QiucBZEo8z2vDRaA59k/s320/mendiang kellie.jpg]
[blogger.googleusercontent.com/img/b/R29vZ2xl/AVvXsEjoJfQo61cicy8Kchiwl5I75_fJlyYwzPWPfSfv5K_/s1600/William-Kellie-Smith-Kellies-Castle-Ipoh.jpg]
[blogger.googleusercontent.com/img/b/R29vZ2xl/AVvXsEjoJfQo61cicy8Kchiwl5I75_fJlyYwzPWPfSfv5K_/s640/William-Kellie-Smith-Kellies-Castle-Ipoh.jpg]
[blogger.googleusercontent.com/img/b/R29vZ2xl/AVvXsEg_vxAEMQkbbaCZ8zuzb8jfvjJHgxMFUODcRxVcssg/s1600/seni roman and moorish.JPG]
[blogger.googleusercontent.com/img/b/R29vZ2xl/AVvXsEg_vxAEMQkbbaCZ8zuzb8jfvjJHgxMFUODcRxVcssg/s320/seni roman and moorish.JPG]
[blogger.googleusercontent.com/img/b/R29vZ2xl/AVvXsEgC-xYmF5djrI_Plv2gHOWZrLh1snMRDFQIhddzOt-/s1600/misterikellie(beranda).PNG]
[blogger.googleusercontent.com/img/b/R29vZ2xl/AVvXsEgC-xYmF5djrI_Plv2gHOWZrLh1snMRDFQIhddzOt-/s320/misterikellie(beranda).PNG]
[blogger.googleusercontent.com/img/b/R29vZ2xl/AVvXsEhA2bI2_gqdOIuZVKqGdAEw6rR3Yr0HPbLUwQ__69L/s1600/misterikellie(serpihan).jpg]
[blogger.googleusercontent.com/img/b/R29vZ2xl/AVvXsEhA2bI2_gqdOIuZVKqGdAEw6rR3Yr0HPbLUwQ__69L/s320/misterikellie(serpihan).jpg]
[blogger.googleusercontent.com/img/b/R29vZ2xl/AVvXsEgyCU83VKkD6cOTRGczFIjTktkrwA-rH6sN4tVuRwG/s1600/misterikellie(terowong).JPG]
[blogger.googleusercontent.com/img/b/R29vZ2xl/AVvXsEgyCU83VKkD6cOTRGczFIjTktkrwA-rH6sN4tVuRwG/s320/misterikellie(terowong).JPG]
[blogger.googleusercontent.com/img/b/R29vZ2xl/AVvXsEjZwsAr0fhtf5ttIUW1VSq5vyw7_f-iabbT2Lo8N03/s1600/lubangudara.JPG]
[blogger.googleusercontent.com/img/b/R29vZ2xl/AVvXsEjZwsAr0fhtf5ttIUW1VSq5vyw7_f-iabbT2Lo8N03/s320/lubangudara.JPG]
[blogger.googleusercontent.com/img/b/R29vZ2xl/AVvXsEg4hTimF_HKDpibLcmnX-H3FCtkdMU4co7Bxkqmnbz/s1600/MISTERIKELLIE2.JPG]
[blogger.googleusercontent.com/img/b/R29vZ2xl/AVvXsEg4hTimF_HKDpibLcmnX-H3FCtkdMU4co7Bxkqmnbz/s320/MISTERIKELLIE2.JPG]
[blogger.googleusercontent.com/img/b/R29vZ2xl/AVvXsEh-CxDnrWJGqkfsZi8VczCv6QSVNry-U81zD8hozB1/s1600/MISTERIKELLIE4.JPG]
[blogger.googleusercontent.com/img/b/R29vZ2xl/AVvXsEh-CxDnrWJGqkfsZi8VczCv6QSVNry-U81zD8hozB1/s320/MISTERIKELLIE4.JPG]
[blogger.googleusercontent.com/img/b/R29vZ2xl/AVvXsEgnYkCdZh39YDI7Di0Wei2uMT64-skYAekdTs0ZqkP/s1600/hindu-temple-kellie-s.jpg]
[blogger.googleusercontent.com/img/b/R29vZ2xl/AVvXsEgnYkCdZh39YDI7Di0Wei2uMT64-skYAekdTs0ZqkP/s320/hindu-temple-kellie-s.jpg]
[blogger.googleusercontent.com/img/b/R29vZ2xl/AVvXsEhNegLEEDucF-RwnZbGfN7sJtYAhPUIF3oYm7nhi5L/s1600/ROH WILLIAM SMITH.jpg]
[blogger.googleusercontent.com/img/b/R29vZ2xl/AVvXsEhNegLEEDucF-RwnZbGfN7sJtYAhPUIF3oYm7nhi5L/s320/ROH WILLIAM SMITH.jpg]
[blogger.googleusercontent.com/img/b/R29vZ2xl/AVvXsEh97gsQdsSJKlJDktvWvlS-D3jX6UV7SwpIhn21lF1/s1600/MISTERIKELLIE(HELLEN).jpg]
[blogger.googleusercontent.com/img/b/R29vZ2xl/AVvXsEh97gsQdsSJKlJDktvWvlS-D3jX6UV7SwpIhn21lF1/s320/MISTERIKELLIE(HELLEN).jpg]
[blogger.googleusercontent.com/img/b/R29vZ2xl/AVvXsEjMx2163zDAnrHfGCpcgNOdDT8Kj_RszJDyQEjzm1B/s1600/MISTERIKELLIE(PENGAWALTANPAKAKI).jpg]
[blogger.googleusercontent.com/img/b/R29vZ2xl/AVvXsEjMx2163zDAnrHfGCpcgNOdDT8Kj_RszJDyQEjzm1B/s320/MISTERIKELLIE(PENGAWALTANPAKAKI).jpg]
[blogger.googleusercontent.com/img/b/R29vZ2xl/AVvXsEhTBaW5YCZkL59eS5rlbwQ9kRFJ0VsS4uVWXAeB_yQ/s1600/MISTERIKELLIE(LANGSUIR).jpg]
[blogger.googleusercontent.com/img/b/R29vZ2xl/AVvXsEhTBaW5YCZkL59eS5rlbwQ9kRFJ0VsS4uVWXAeB_yQ/s320/MISTERIKELLIE(LANGSUIR).jpg]
[resources.blogblog.com/img/icon18_edit_allbkg.gif]
[www.blogger.com/static/v1/jsbin/2315299244-comment_from_post_iframe.js]
[kelliecastle.blogspot.com/2018/04/kelliecastle.blogspot.27.delayed]
[blogger.googleusercontent.com/img/b/R29vZ2xl/AVvXsEhVfz1eT35IjACPBJNM6vRPkRY7BBMWJn-IZVlvnZX/s113/IMG-20170529-WA0016.jpg]
[www.blogger.com/img/logo-16.png]
[blogger.googleusercontent.com/img/b/R29vZ2xl/AVvXsEjwFQ-Nxuv_7GoKFDIWkpXXJztg_mKPqemI-Kqa7OQ/w72-h72-p-k-no-nu/kelliecastlewallpaper2.jpg]
[www.blogger.com/static/v1/widgets/3704019819-widgets.js]
[kelliecastle.blogspot.com/2018/04/kellies-castle.html]
[kelliecastle.blogspot.com/2018/04/index.html]
[www.blogger.com/img/widgets/stats-flipper.png]
[resources.blogblog.com/img/widgets/s_top.png]
[www.blogger.com/static/v1/widgets/3566091532-css_bundle_v2.css]
[www.blogger.com/dyn-css/authorizationc03c.css]
[kelliecastle.blogspot.com/2018/04/kelliecastle.blogspot.html]
[kelliecastle.blogspot.com/2018/04/index.html]
