[backblue.gif]
[fade.gif]
[index.html]
[theperpetualsaturday.com/kellies-castle/feed/index.html]
[theperpetualsaturday.com/kellies-castle/index.html]
[theperpetualsaturday.com/wp-includes/css/dist/block-library/style.min9704.css]
[pagead2.googlesyndication.com/pagead/js/f6aa3.txt]
[pagead2.googlesyndication.com/pagead/js/fe1c4.txt]
[theperpetualsaturday.com/wp-content/fonts/146750c221c8190b66b4cc5b311d841c.css]
[theperpetualsaturday.com/wp-content/themes/pressbook/style.mine1fc.css]
[theperpetualsaturday.com/wp-content/themes/pressbook-blog/style.mine7f0.css]
[theperpetualsaturday.com/wp-content/plugins/google-analytics-for-wordpress/assets/js/frontend-gtag.min6e36.js]
[theperpetualsaturday.com/wp-content/uploads/2024/01/cropped-TPS-Logo-Site-Icon-32x32.png]
[theperpetualsaturday.com/wp-content/uploads/2024/01/cropped-TPS-Logo-Site-Icon-192x192.png]
[theperpetualsaturday.com/wp-content/uploads/2024/01/cropped-TPS-Logo-Site-Icon-180x180.png]
[theperpetualsaturday.com/wp-content/uploads/2024/01/TPS-Banner-Cost-1600x250-1.png]
[theperpetualsaturday.com/wp-content/uploads/2024/01/Banner-Transparent-728x250-1.png]
[theperpetualsaturday.com/wp-content/uploads/2021/03/kelliescastle_1.jpg]
[theperpetualsaturday.com/wp-content/uploads/2021/03/kelliescastle_1001f.jpg]
[theperpetualsaturday.com/wp-content/uploads/2021/03/kelliescastle_116410.jpg]
[peraktransit.com.my/wp-content/uploads/2019/06/LALUAN-myBAS.html]
[theperpetualsaturday.com/wp-content/uploads/2021/03/kelliescastle_2001f.jpg]
[theperpetualsaturday.com/wp-content/uploads/2021/03/kelliescastle_4001f.jpg]
[theperpetualsaturday.com/wp-content/uploads/2021/03/kelliescastle_5001f.jpg]
[theperpetualsaturday.com/wp-content/uploads/2021/03/kelliescastle_3eeec.jpg]
[theperpetualsaturday.com/wp-content/uploads/2021/03/kelliescastle_6221a.jpg]
[theperpetualsaturday.com/wp-content/uploads/2021/03/kelliescastle_76128.jpg]
[theperpetualsaturday.com/wp-content/uploads/2021/03/kelliescastle_8001f.jpg]
[theperpetualsaturday.com/wp-content/uploads/2021/03/kelliescastle_10001f.jpg]
[theperpetualsaturday.com/wp-content/uploads/2021/03/kelliescastle_9001f.jpg]
[theperpetualsaturday.com/wp-content/uploads/2023/06/NeuschwansteinCastle_FeatPic.jpg]
[theperpetualsaturday.com/wp-content/uploads/2021/02/ipohtartking_featpic.jpg]
[theperpetualsaturday.com/wp-content/uploads/2021/02/kekloktong_12.jpg]
[theperpetualsaturday.com/wp-content/uploads/2021/03/muralartslane_1.jpg]
[theperpetualsaturday.com/wp-content/uploads/2021/01/panglima_featpic.jpg]
[theperpetualsaturday.com/wp-content/uploads/2021/01/vintagecoffeebread_4.jpg]
[theperpetualsaturday.com/wp-content/uploads/2019/11/authorpic-300x300.jpg]
[theperpetualsaturday.com/wp-includes/js/mediaelement/mediaelementplayer-legacy.min1f61.css]
[theperpetualsaturday.com/wp-includes/js/mediaelement/wp-mediaelement.min9704.css]
[theperpetualsaturday.com/wp-content/themes/pressbook/js/script.mine1fc.js]
[theperpetualsaturday.com/wp-includes/js/comment-reply.min9704.js]
[theperpetualsaturday.com/wp-content/plugins/akismet/_inc/akismet-frontend06b2.js]
[theperpetualsaturday.com/wp-includes/js/jquery/jquery.minf43b.js]
[theperpetualsaturday.com/wp-includes/js/jquery/jquery-migrate.min5589.js]
[theperpetualsaturday.com/wp-includes/js/mediaelement/mediaelement-and-player.min1f61.js]
[theperpetualsaturday.com/wp-includes/js/mediaelement/mediaelement-migrate.min9704.js]
[theperpetualsaturday.com/wp-includes/js/mediaelement/wp-mediaelement.min9704.js]
[theperpetualsaturday.com/wp-includes/js/mediaelement/renderers/vimeo.min1f61.js]
[theperpetualsaturday.com/wp-content/fonts/raleway/1Ptsg8zYS_SKggPNyCg4QIFqPfE.html]
[theperpetualsaturday.com/wp-content/fonts/raleway/1Ptsg8zYS_SKggPNyCg4SYFqPfE.html]
[theperpetualsaturday.com/wp-content/fonts/raleway/1Ptsg8zYS_SKggPNyCg4QoFqPfE.html]
[theperpetualsaturday.com/wp-content/fonts/raleway/1Ptsg8zYS_SKggPNyCg4Q4FqPfE.html]
[theperpetualsaturday.com/wp-content/fonts/raleway/1Ptsg8zYS_SKggPNyCg4TYFq.html]
[theperpetualsaturday.com/wp-content/fonts/raleway/1Ptug8zYS_SKggPNyCAIT5lu.html]
[theperpetualsaturday.com/wp-content/fonts/raleway/1Ptug8zYS_SKggPNyCkIT5lu.html]
[theperpetualsaturday.com/wp-content/fonts/raleway/1Ptug8zYS_SKggPNyCIIT5lu.html]
[theperpetualsaturday.com/wp-content/fonts/raleway/1Ptug8zYS_SKggPNyCMIT5lu.html]
[theperpetualsaturday.com/wp-content/fonts/raleway/1Ptug8zYS_SKggPNyC0ITw.html]
[theperpetualsaturday.com/wp-content/fonts/source-sans-pro/6xK1dSBYKcSV-LCoeQqfX1RYOo3qPZ7qsDJT9g.html]
[theperpetualsaturday.com/wp-content/fonts/source-sans-pro/6xK1dSBYKcSV-LCoeQqfX1RYOo3qPZ7jsDJT9g.html]
[theperpetualsaturday.com/wp-content/fonts/source-sans-pro/6xK1dSBYKcSV-LCoeQqfX1RYOo3qPZ7rsDJT9g.html]
[theperpetualsaturday.com/wp-content/fonts/source-sans-pro/6xK1dSBYKcSV-LCoeQqfX1RYOo3qPZ7ksDJT9g.html]
[theperpetualsaturday.com/wp-content/fonts/source-sans-pro/6xK1dSBYKcSV-LCoeQqfX1RYOo3qPZ7osDJT9g.html]
[theperpetualsaturday.com/wp-content/fonts/source-sans-pro/6xK1dSBYKcSV-LCoeQqfX1RYOo3qPZ7psDJT9g.html]
[theperpetualsaturday.com/wp-content/fonts/source-sans-pro/6xK1dSBYKcSV-LCoeQqfX1RYOo3qPZ7nsDI.html]
[theperpetualsaturday.com/wp-content/fonts/source-sans-pro/6xKwdSBYKcSV-LCoeQqfX1RYOo3qPZY4lCdh18Smxg.html]
[theperpetualsaturday.com/wp-content/fonts/source-sans-pro/6xKwdSBYKcSV-LCoeQqfX1RYOo3qPZY4lCdo18Smxg.html]
[theperpetualsaturday.com/wp-content/fonts/source-sans-pro/6xKwdSBYKcSV-LCoeQqfX1RYOo3qPZY4lCdg18Smxg.html]
[theperpetualsaturday.com/wp-content/fonts/source-sans-pro/6xKwdSBYKcSV-LCoeQqfX1RYOo3qPZY4lCdv18Smxg.html]
[theperpetualsaturday.com/wp-content/fonts/source-sans-pro/6xKwdSBYKcSV-LCoeQqfX1RYOo3qPZY4lCdj18Smxg.html]
[theperpetualsaturday.com/wp-content/fonts/source-sans-pro/6xKwdSBYKcSV-LCoeQqfX1RYOo3qPZY4lCdi18Smxg.html]
[theperpetualsaturday.com/wp-content/fonts/source-sans-pro/6xKwdSBYKcSV-LCoeQqfX1RYOo3qPZY4lCds18Q.html]
[theperpetualsaturday.com/wp-content/fonts/source-sans-pro/6xK3dSBYKcSV-LCoeQqfX1RYOo3qNa7lqDY.html]
[theperpetualsaturday.com/wp-content/fonts/source-sans-pro/6xK3dSBYKcSV-LCoeQqfX1RYOo3qPK7lqDY.html]
[theperpetualsaturday.com/wp-content/fonts/source-sans-pro/6xK3dSBYKcSV-LCoeQqfX1RYOo3qNK7lqDY.html]
[theperpetualsaturday.com/wp-content/fonts/source-sans-pro/6xK3dSBYKcSV-LCoeQqfX1RYOo3qO67lqDY.html]
[theperpetualsaturday.com/wp-content/fonts/source-sans-pro/6xK3dSBYKcSV-LCoeQqfX1RYOo3qN67lqDY.html]
[theperpetualsaturday.com/wp-content/fonts/source-sans-pro/6xK3dSBYKcSV-LCoeQqfX1RYOo3qNq7lqDY.html]
[theperpetualsaturday.com/wp-content/fonts/source-sans-pro/6xK3dSBYKcSV-LCoeQqfX1RYOo3qOK7l.html]
[theperpetualsaturday.com/wp-content/fonts/source-sans-pro/6xKydSBYKcSV-LCoeQqfX1RYOo3i54rwmhduz8A.html]
[theperpetualsaturday.com/wp-content/fonts/source-sans-pro/6xKydSBYKcSV-LCoeQqfX1RYOo3i54rwkxduz8A.html]
[theperpetualsaturday.com/wp-content/fonts/source-sans-pro/6xKydSBYKcSV-LCoeQqfX1RYOo3i54rwmxduz8A.html]
[theperpetualsaturday.com/wp-content/fonts/source-sans-pro/6xKydSBYKcSV-LCoeQqfX1RYOo3i54rwlBduz8A.html]
[theperpetualsaturday.com/wp-content/fonts/source-sans-pro/6xKydSBYKcSV-LCoeQqfX1RYOo3i54rwmBduz8A.html]
[theperpetualsaturday.com/wp-content/fonts/source-sans-pro/6xKydSBYKcSV-LCoeQqfX1RYOo3i54rwmRduz8A.html]
[theperpetualsaturday.com/wp-content/fonts/source-sans-pro/6xKydSBYKcSV-LCoeQqfX1RYOo3i54rwlxdu.html]
[theperpetualsaturday.com/wp-includes/js/mediaelement/mejs-controls.html]
[theperpetualsaturday.com/kellies-castle/GET.html]
[player.vimeo.com/api/player.html]
