[lifephotographie.wordpress.com/2017/10/17/kellies-castle-perak/index.html]
[backblue.gif]
[fade.gif]
[index.html]
[s2.wp.com/wp-content/mu-plugins/jetpack-mu-wpcom-plugin/moon/vendor/automattic/jetpack-mu-wpcom/src/build/verbum-comments/verbum-comments4874.css]
[lifephotographie.wordpress.com/2017/10/17/kellies-castle-perak/feed/index.html]
[widgets.wp.com/verbum-block-editor/block-editor421c.css]
[s1.wp.com/wp-content/mu-plugins/global-print/global-printbcec.css]
[s2.wp.com/i/webclip.png]
[lifephotographie.wordpress.com/wp-content/uploads/2017/10/kellies-castle-1116de.jpg]
[lifephotographie.wordpress.com/wp-content/uploads/2017/10/kellies-castle-156410.jpg]
[lifephotographie.wordpress.com/wp-content/uploads/2017/10/kellies-castle-11-26410.jpg]
[lifephotographie.wordpress.com/wp-content/uploads/2017/10/kellies-castle-16410.jpg]
[lifephotographie.wordpress.com/wp-content/uploads/2017/10/kellies-castle-76410.jpg]
[lifephotographie.wordpress.com/wp-content/uploads/2017/10/kellies-castle-46410.jpg]
[lifephotographie.wordpress.com/wp-content/uploads/2017/10/kellies-castle-86410.jpg]
[lifephotographie.wordpress.com/wp-content/uploads/2017/10/kellies-castle-106410.jpg]
[lifephotographie.wordpress.com/wp-content/uploads/2017/10/kellies-castle-66410.jpg]
[lifephotographie.wordpress.com/wp-content/uploads/2017/10/kellies-castle-136410.jpg]
[0.gravatar.com/js/hovercards/hovercards.mine8c9.js]
[s2.wp.com/wp-content/mu-plugins/gravatar-hovercards/wpgrohoe8bd.js]
[lifephotographie.wordpress.com/2017/10/17/kellies-castle-perak/GET]
[s2.wp.com/i/logo/wpcom-gray-white.png]
[s0.wp.com/wp-content/mu-plugins/actionbar/actionbardcca.css]
[s0.wp.com/wp-content/mu-plugins/actionbar/actionbar4dc1.js]
[stats.wp.com/w735b.js]
[pixel.wp.com/b0b80.gif]
[lifephotographie.wordpress.com/2017/10/17/kellies-castle-perak/index.html]
[s1.wp.com/_static/indexd02a.html]
[s0.wp.com/i/loading/dark-200.gif]
[s2.wp.com/wp-content/mu-plugins/jetpack-mu-wpcom-plugin/moon/vendor/automattic/jetpack-mu-wpcom/src/build/verbum-comments/verbum-comments4874.css]
[widgets.wp.com/verbum-block-editor/block-editor421c.css]
[s1.wp.com/wp-content/mu-plugins/global-print/global-printbcec.css]
[lifephotographie.wordpress.com/2017/10/17/kellies-castle-perak/index9a7b.html]
[lifephotographie.wordpress.com/2017/10/17/kellies-castle-perak/index5a58.html]
[lifephotographie.wordpress.com/2017/10/17/kellies-castle-perak/GET.html]
[s0.wp.com/wp-content/mu-plugins/actionbar/actionbardcca.css]
