[thegeestravel.com/kellies-castle-ipoh-malaysia/index.html]
[backblue.gif]
[fade.gif]
[index.html]
[thegeestravel.com/wp-content/uploads/2022/10/Kellies-Castle-Ipoh-Batu-Gajah-Perak-Malaysia-768x512.jpg]
[thegeestravel.com/kellies-castle-ipoh-malaysia/feed/index.html]
[c0.wp.com/c/6.2.6/wp-includes/css/dist/block-library/style.min.css]
[c0.wp.com/c/6.2.6/wp-includes/js/mediaelement/mediaelementplayer-legacy.min.css]
[c0.wp.com/c/6.2.6/wp-includes/js/mediaelement/wp-mediaelement.min.css]
[thegeestravel.com/wp-content/plugins/contact-form-7/includes/css/styles38d6.css]
[thegeestravel.com/wp-content/themes/oceanwp/assets/fonts/fontawesome/css/all.min1e39.css]
[thegeestravel.com/wp-content/themes/oceanwp/assets/css/third/simple-line-icons.min8d5a.css]
[thegeestravel.com/wp-content/themes/oceanwp/assets/css/style.minaf6c.css]
[thegeestravel.com/wp-content/plugins/elementor/assets/lib/eicons/css/elementor-icons.min91ce.css]
[thegeestravel.com/wp-content/plugins/elementor/assets/css/frontend-legacy.min87e3.css]
[thegeestravel.com/wp-content/plugins/elementor/assets/css/frontend.min87e3.css]
[thegeestravel.com/wp-content/uploads/elementor/css/post-2957f8f0.css]
[thegeestravel.com/wp-content/plugins/elementor/assets/lib/font-awesome/css/all.min87e3.css]
[thegeestravel.com/wp-content/plugins/elementor/assets/lib/font-awesome/css/v4-shims.min87e3.css]
[thegeestravel.com/wp-content/uploads/elementor/css/global982e.css]
[thegeestravel.com/wp-content/uploads/elementor/css/post-11868ac7b.css]
[thegeestravel.com/wp-content/plugins/ocean-extra/assets/css/widgets4118.css]
[thegeestravel.com/wp-content/plugins/elementor/assets/lib/font-awesome/css/fontawesome.min52d5.css]
[thegeestravel.com/wp-content/plugins/elementor/assets/lib/font-awesome/css/brands.min52d5.css]
[c0.wp.com/p/jetpack/12.8.2/css/jetpack.css]
[c0.wp.com/p/jetpack/12.8.2/_inc/build/related-posts/related-posts.min.js]
[c0.wp.com/c/6.2.6/wp-includes/js/jquery/jquery.min.js]
[c0.wp.com/c/6.2.6/wp-includes/js/jquery/jquery-migrate.min.js]
[thegeestravel.com/wp-content/plugins/elementor/assets/lib/font-awesome/js/v4-shims.min87e3.js]
[pagead2.googlesyndication.com/pagead/js/f.txt]
[thegeestravel.com/wp-content/uploads/2018/07/cropped-LogoMakr_6g1JAP-1-32x32.png]
[thegeestravel.com/wp-content/uploads/2018/07/cropped-LogoMakr_6g1JAP-1-192x192.png]
[thegeestravel.com/wp-content/uploads/2018/07/cropped-LogoMakr_6g1JAP-1-180x180.png]
[thegeestravel.com/wp-content/uploads/2018/10/thegeestravellogo.png]
[thegeestravel.com/wp-content/uploads/2022/10/Kellies-Castle-Ipoh-Batu-Gajah-Perak-Malaysia.jpg]
[thegeestravel.com/wp-content/uploads/2022/10/Kellies-Castle-Ipoh-Map-Location-768x576.jpg]
[thegeestravel.com/wp-content/uploads/2022/10/Kellies-Castle-Ipoh-Map-Location.jpg]
[thegeestravel.com/wp-content/uploads/2022/10/Kellies-Castle-Ipoh-Balcony-768x509.jpg]
[thegeestravel.com/wp-content/uploads/2022/10/Kellies-Castle-Ipoh-Balcony.jpg]
[thegeestravel.com/wp-content/uploads/2022/10/Kellies-Castle-Ipoh-Window.jpg]
[thegeestravel.com/wp-content/uploads/2022/10/Kellies-Castle-Ipoh-Side-View-768x512.jpg]
[thegeestravel.com/wp-content/uploads/2022/10/Kellies-Castle-Ipoh-Side-View.jpg]
[thegeestravel.com/wp-content/uploads/2022/10/Kellies-Castle-History-768x469.jpg]
[thegeestravel.com/wp-content/uploads/2022/10/Kellies-Castle-History.jpg]
[thegeestravel.com/wp-content/uploads/2022/10/Kellies-Castle-Ipoh-Corner-Balcony-768x512.jpg]
[thegeestravel.com/wp-content/uploads/2022/10/Kellies-Castle-Ipoh-Corner-Balcony.jpg]
[thegeestravel.com/wp-content/uploads/2022/10/Kellies-Castle-Ipoh-Porch.jpg]
[thegeestravel.com/wp-content/uploads/2022/10/Kellies-Castle-Ipoh-Room-768x512.jpg]
[thegeestravel.com/wp-content/uploads/2022/10/Kellies-Castle-Ipoh-Room.jpg]
[thegeestravel.com/wp-content/uploads/2022/10/Kellies-Castle-Ipoh-Living-Room-768x512.jpg]
[thegeestravel.com/wp-content/uploads/2022/10/Kellies-Castle-Ipoh-Living-Room.jpg]
[thegeestravel.com/wp-content/uploads/2022/10/Kellies-Castle-Ipoh-Staircase-Rooftop.jpg]
[thegeestravel.com/wp-content/uploads/2022/10/Kellies-Castle-Ipoh-Staircase-Basement.jpg]
[thegeestravel.com/wp-content/uploads/2022/10/Kellies-Castle-Ipoh-Ruins-768x512.jpg]
[thegeestravel.com/wp-content/uploads/2022/10/Kellies-Castle-Ipoh-Ruins.jpg]
[thegeestravel.com/wp-content/uploads/2022/10/Kellies-Castle-Ipoh-Ruin.jpg]
[thegeestravel.com/wp-content/uploads/2022/10/Kellies-Castle-Ipoh-Locks-768x512.jpg]
[thegeestravel.com/wp-content/uploads/2022/10/Kellies-Castle-Ipoh-Locks.jpg]
[thegeestravel.com/wp-content/uploads/2022/10/Kellies-Castle-Ipoh-Restaurant-768x512.jpg]
[thegeestravel.com/wp-content/uploads/2022/10/Kellies-Castle-Ipoh-Restaurant.jpg]
[thegeestravel.com/wp-content/uploads/2018/10/Glaizel-DG-Gravatar.jpg]
[thegeestravel.com/wp-content/plugins/elementor/assets/lib/animations/animations.min87e3.css]
[thegeestravel.com/wp-content/plugins/contact-form-7/includes/swv/js/index38d6.js]
[thegeestravel.com/wp-content/plugins/contact-form-7/includes/js/index38d6.js]
[c0.wp.com/c/6.2.6/wp-includes/js/comment-reply.min.js]
[c0.wp.com/c/6.2.6/wp-includes/js/imagesloaded.min.js]
[thegeestravel.com/wp-content/themes/oceanwp/assets/js/theme.minaf6c.js]
[thegeestravel.com/wp-content/themes/oceanwp/assets/js/full-screen-mobile-menu.minaf6c.js]
[thegeestravel.com/wp-content/themes/oceanwp/assets/js/vendors/magnific-popup.minaf6c.js]
[thegeestravel.com/wp-content/themes/oceanwp/assets/js/ow-lightbox.minaf6c.js]
[thegeestravel.com/wp-content/themes/oceanwp/assets/js/vendors/flickity.pkgd.minaf6c.js]
[thegeestravel.com/wp-content/themes/oceanwp/assets/js/ow-slider.minaf6c.js]
[thegeestravel.com/wp-content/themes/oceanwp/assets/js/scroll-effect.minaf6c.js]
[thegeestravel.com/wp-content/themes/oceanwp/assets/js/scroll-top.minaf6c.js]
[thegeestravel.com/wp-content/themes/oceanwp/assets/js/select.minaf6c.js]
[thegeestravel.com/wp-content/plugins/ocean-extra/includes/widgets/js/flickr.min4118.js]
[stats.wp.com/e-202451.js]
[thegeestravel.com/wp-content/plugins/akismet/_inc/akismet-frontende922.js]
[thegeestravel.com/wp-content/plugins/elementor/assets/js/webpack.runtime.min87e3.js]
[thegeestravel.com/wp-content/plugins/elementor/assets/js/frontend-modules.min87e3.js]
[thegeestravel.com/wp-content/plugins/elementor/assets/lib/waypoints/waypoints.min05da.js]
[c0.wp.com/c/6.2.6/wp-includes/js/jquery/ui/core.min.js]
[thegeestravel.com/wp-content/plugins/elementor/assets/lib/swiper/swiper.min48f5.js]
[thegeestravel.com/wp-content/plugins/elementor/assets/lib/share-link/share-link.min87e3.js]
[thegeestravel.com/wp-content/plugins/elementor/assets/lib/dialog/dialog.mind227.js]
[thegeestravel.com/wp-content/plugins/elementor/assets/js/frontend.min87e3.js]
[thegeestravel.com/wp-content/plugins/elementor/assets/js/preloaded-modules.min87e3.js]
[thegeestravel.com/kellies-castle-ipoh-malaysia/index.html]
[c0.wp.com/c/6.2.6/wp-includes/css/dist/block-library/style.min.css]
[c0.wp.com/c/6.2.6/wp-includes/js/mediaelement/mediaelementplayer-legacy.min.css]
[c0.wp.com/c/6.2.6/wp-includes/js/mediaelement/wp-mediaelement.min.css]
[c0.wp.com/c/6.2.6/wp-includes/css/classic-themes.min.css]
[thegeestravel.com/wp-content/plugins/contact-form-7/includes/css/styles38d6.css]
[thegeestravel.com/wp-content/themes/oceanwp/assets/fonts/fontawesome/css/all.min1e39.css]
[thegeestravel.com/wp-content/themes/oceanwp/assets/css/third/simple-line-icons.min8d5a.css]
[thegeestravel.com/wp-content/themes/oceanwp/assets/css/style.minaf6c.css]
[thegeestravel.com/wp-content/plugins/elementor/assets/lib/eicons/css/elementor-icons.min91ce.css]
[thegeestravel.com/wp-content/plugins/elementor/assets/css/frontend-legacy.min87e3.css]
[thegeestravel.com/wp-content/plugins/elementor/assets/css/frontend.min87e3.css]
[thegeestravel.com/wp-content/uploads/elementor/css/post-2957f8f0.css]
[thegeestravel.com/wp-content/plugins/elementor/assets/lib/font-awesome/css/all.min87e3.css]
[thegeestravel.com/wp-content/plugins/elementor/assets/lib/font-awesome/css/v4-shims.min87e3.css]
[thegeestravel.com/wp-content/uploads/elementor/css/global982e.css]
[c0.wp.com/c/6.2.6/wp-includes/js/mediaelement/mejs-controls.svg]
[thegeestravel.com/wp-content/uploads/2022/10/Kellies-Castle-Ipoh-Visit.jpg]
[thegeestravel.com/wp-content/uploads/elementor/css/post-11868ac7b.css]
[thegeestravel.com/wp-content/plugins/ocean-extra/assets/img/instagram-logo.png]
[thegeestravel.com/wp-content/plugins/ocean-extra/assets/img/flickr.png]
[thegeestravel.com/wp-content/plugins/ocean-extra/assets/css/widgets4118.css]
[thegeestravel.com/wp-content/plugins/elementor/assets/lib/font-awesome/css/fontawesome.min52d5.css]
[thegeestravel.com/wp-content/plugins/elementor/assets/lib/font-awesome/css/brands.min52d5.css]
[c0.wp.com/p/jetpack/12.8.2/modules/shortcodes/img/slideshow-controls.png]
[c0.wp.com/p/jetpack/12.8.2/modules/shortcodes/img/slideshow-controls-2x.png]
[c0.wp.com/p/jetpack/12.8.2/modules/shortcodes/images/slide-nav.png]
[c0.wp.com/p/jetpack/12.8.2/modules/shortcodes/images/expand.png]
[c0.wp.com/p/jetpack/12.8.2/modules/shortcodes/images/collapse.png]
[secure.gravatar.com/images/grav-share-sprite.png]
[c0.wp.com/p/jetpack/12.8.2/css/jetpack.css]
[thegeestravel.com/wp-content/plugins/elementor/assets/lib/font-awesome/js/v4-shims.min87e3.js]
[thegeestravel.com/wp-content/plugins/elementor/assets/lib/animations/animations.min87e3.css]
[thegeestravel.com/kellies-castle-ipoh-malaysia/Trident/index.html]
[thegeestravel.com/wp-content/plugins/contact-form-7/includes/swv/js/index38d6.js]
[thegeestravel.com/wp-content/plugins/contact-form-7/includes/js/index38d6.js]
[thegeestravel.com/kellies-castle-ipoh-malaysia/classApplyDescriptorGet.js]
[thegeestravel.com/kellies-castle-ipoh-malaysia/classExtractFieldDescriptor.js]
[thegeestravel.com/kellies-castle-ipoh-malaysia/classApplyDescriptorSet.js]
[thegeestravel.com/wp-content/themes/oceanwp/assets/js/theme.minaf6c.js]
[thegeestravel.com/wp-content/themes/oceanwp/assets/js/full-screen-mobile-menu.minaf6c.js]
[thegeestravel.com/wp-content/themes/oceanwp/assets/js/vendors/magnific-popup.minaf6c.js]
[thegeestravel.com/wp-content/themes/oceanwp/assets/js/ow-lightbox.minaf6c.js]
[thegeestravel.com/wp-content/themes/oceanwp/assets/js/vendors/flickity.pkgd.minaf6c.js]
[thegeestravel.com/wp-content/themes/oceanwp/assets/js/ow-slider.minaf6c.js]
[thegeestravel.com/wp-content/themes/oceanwp/assets/js/scroll-effect.minaf6c.js]
[thegeestravel.com/wp-content/themes/oceanwp/assets/js/scroll-top.minaf6c.js]
[thegeestravel.com/wp-content/themes/oceanwp/assets/js/select.minaf6c.js]
[thegeestravel.com/kellies-castle-ipoh-malaysia/_m.jpg]
[thegeestravel.com/kellies-castle-ipoh-malaysia/_q.jpg]
[thegeestravel.com/wp-content/plugins/ocean-extra/includes/widgets/js/flickr.min4118.js]
[thegeestravel.com/wp-content/plugins/akismet/_inc/akismet-frontende922.js]
[thegeestravel.com/wp-content/plugins/elementor/assets/js/webpack.runtime.min87e3.js]
[thegeestravel.com/wp-content/plugins/elementor/assets/js/frontend-modules.min87e3.js]
[thegeestravel.com/wp-content/plugins/elementor/assets/lib/waypoints/waypoints.min05da.js]
[thegeestravel.com/wp-content/plugins/elementor/assets/lib/swiper/swiper.min48f5.js]
[thegeestravel.com/wp-content/plugins/elementor/assets/lib/share-link/share-link.min87e3.js]
[thegeestravel.com/kellies-castle-ipoh-malaysia/Edge/index.html]
[thegeestravel.com/wp-content/plugins/elementor/assets/lib/dialog/dialog.mind227.js]
[thegeestravel.com/kellies-castle-ipoh-malaysia/Gecko/index.html]
[thegeestravel.com/kellies-castle-ipoh-malaysia/Version/index.html]
[thegeestravel.com/kellies-castle-ipoh-malaysia/Firefox/index.html]
[thegeestravel.com/kellies-castle-ipoh-malaysia/version/index-2.html]
[thegeestravel.com/kellies-castle-ipoh-malaysia/-negative.svg]
[thegeestravel.com/wp-content/plugins/elementor/assets/js/frontend.min87e3.js]
[thegeestravel.com/wp-content/plugins/elementor/assets/js/preloaded-modules.min87e3.js]
[c0.wp.com/c/6.2.6/wp-includes/js/mediaelement/mejs-controls.svg]
[thegeestravel.com/kellies-castle-ipoh-malaysia/Trident/index.html]
[thegeestravel.com/kellies-castle-ipoh-malaysia/classApplyDescriptorGet.html]
[thegeestravel.com/kellies-castle-ipoh-malaysia/classExtractFieldDescriptor.html]
[thegeestravel.com/kellies-castle-ipoh-malaysia/classApplyDescriptorSet.html]
[thegeestravel.com/kellies-castle-ipoh-malaysia/_m.html]
[thegeestravel.com/kellies-castle-ipoh-malaysia/_q.html]
[thegeestravel.com/kellies-castle-ipoh-malaysia/Edge/index.html]
[thegeestravel.com/kellies-castle-ipoh-malaysia/Gecko/index.html]
[thegeestravel.com/kellies-castle-ipoh-malaysia/Firefox/index.html]
[thegeestravel.com/kellies-castle-ipoh-malaysia/Version/index.html]
[thegeestravel.com/kellies-castle-ipoh-malaysia/version/index-2.html]
[thegeestravel.com/kellies-castle-ipoh-malaysia/-negative.html]
[thegeestravel.com/kellies-castle-ipoh-malaysia/OPR/index.html]
[thegeestravel.com/kellies-castle-ipoh-malaysia/OPR/index.html]
