[www.freemalaysiatoday.com/category/top-lifestyle/2022/11/04/kellies-castle-the-story-behind-its-history-and-hauntings/index.html]
[www.freemalaysiatoday.com/_next/static/css/8c77db0333b89ab6.css]
[www.freemalaysiatoday.com/_next/static/css/b758eb84c89f24df.css]
[www.freemalaysiatoday.com/_next/static/css/05153b337e4d7678.css]
[www.freemalaysiatoday.com/_next/static/chunks/webpack-c5aaa10c6f0db55c.js]
[www.freemalaysiatoday.com/_next/static/chunks/fd9d1056-b31ad43b7cd3d9b5.js]
[www.freemalaysiatoday.com/_next/static/chunks/7023-560103c0c64d0827.js]
[www.freemalaysiatoday.com/_next/static/chunks/main-app-2a5d4c19ce891f66.js]
[www.freemalaysiatoday.com/_next/static/chunks/59650de3-8d310732816e3d96.js]
[www.freemalaysiatoday.com/_next/static/chunks/30a37ab2-e9352debcd58c1fa.js]
[www.freemalaysiatoday.com/_next/static/chunks/8e1d74a4-4a0e5e6bd0c0a859.js]
[www.freemalaysiatoday.com/_next/static/chunks/94730671-d677c0ae09cc6c7a.js]
[www.freemalaysiatoday.com/_next/static/chunks/578c2090-438f9005d40f1fc8.js]
[www.freemalaysiatoday.com/_next/static/chunks/9250-a23899cafb1a20e2.js]
[www.freemalaysiatoday.com/_next/static/chunks/231-e9c9b5d896c828c9.js]
[www.freemalaysiatoday.com/_next/static/chunks/1877-14152955e7bcb703.js]
[www.freemalaysiatoday.com/_next/static/chunks/619-3665fa763f65c6e7.js]
[www.freemalaysiatoday.com/_next/static/chunks/524-861e39d4c54cee94.js]
[www.freemalaysiatoday.com/_next/static/chunks/9162-378277d0a377252a.js]
[www.freemalaysiatoday.com/_next/static/chunks/9772-8763a2aaee62584f.js]
[www.freemalaysiatoday.com/_next/static/chunks/3432-8c44880abf6de395.js]
[www.freemalaysiatoday.com/_next/static/chunks/2605-e1b655b6743697c4.js]
[www.freemalaysiatoday.com/_next/static/chunks/3906-0f79e2e2486c71d5.js]
[www.freemalaysiatoday.com/_next/static/chunks/2126-8572267fd534b43e.js]
[www.freemalaysiatoday.com/_next/static/chunks/2081-0d6407a09a8cca6c.js]
[www.freemalaysiatoday.com/_next/static/chunks/4001-e22f37c3ddbeebf9.js]
[www.freemalaysiatoday.com/_next/static/chunks/429-b62d7e1d10c83ffb.js]
[www.freemalaysiatoday.com/_next/static/chunks/7888-26dd915fa799133d.js]
[www.freemalaysiatoday.com/_next/static/chunks/5963-ccc298b1284c4bf4.js]
[www.freemalaysiatoday.com/_next/static/chunks/app/category/[...slug]/page-845cee1ba2f1a220.js]
[www.freemalaysiatoday.com/_next/static/chunks/66ec4792-e55ed20580f4c9c6.js]
[www.freemalaysiatoday.com/_next/static/chunks/1420-d37814a94095de8a.js]
[www.freemalaysiatoday.com/_next/static/chunks/6692-c7798eb6620cc855.js]
[www.freemalaysiatoday.com/_next/static/chunks/1068-d6b85d0e53e50978.js]
[www.freemalaysiatoday.com/_next/static/chunks/app/layout-dbf11b594d73869f.js]
[www.freemalaysiatoday.com/_next/static/chunks/app/global-error-a09a4d7a8b880e3c.js]
[securepubads.g.doubleclick.net/tag/js/f.txt]
[www.googletagmanager.com/gtmc9d2.js]
[backblue.gif]
[fade.gif]
[index.html]
[www.freemalaysiatoday.com/_next/static/chunks/polyfills-78c92fac7aa8fdd8.js]
[scripts.kiosked.com/loader/kiosked-loader.js]
[media.freemalaysiatoday.com/wp-content/uploads/2022/11/kellies-lifestyle-fmt-031122-1.jpg]
[media.freemalaysiatoday.com/wp-content/uploads/2022/11/recreation-lifestyle-fmt-031122-1.jpg]
[media.freemalaysiatoday.com/wp-content/uploads/2022/11/elevator-lifestyle-fmt-031122-1.jpg]
[media.freemalaysiatoday.com/wp-content/uploads/2022/11/corridor-lifestyle-fmt-031122-1.jpg]
[media.freemalaysiatoday.com/wp-content/uploads/2022/11/roof-lifestyle-fmt-031122-1.jpg]
[www.freemalaysiatoday.com/icon-512x512.png]
[www.freemalaysiatoday.com/category/top-lifestyle/2022/11/04/kellies-castle-the-story-behind-its-history-and-hauntings/index.html]
[www.freemalaysiatoday.com/_next/static/css/8c77db0333b89ab6.css]
[www.freemalaysiatoday.com/_next/static/css/b758eb84c89f24df.css]
[www.freemalaysiatoday.com/_next/static/css/05153b337e4d7678.css]
