[gyppotravelreviews.wordpress.com/2017/03/01/kellies-castle-ipoh/index.html]
[backblue.gif]
[fade.gif]
[index.html]
[s0.wp.com/wp-content/mu-plugins/jetpack-mu-wpcom-plugin/sun/vendor/automattic/jetpack-mu-wpcom/src/build/verbum-comments/verbum-comments1362.css]
[gyppotravelreviews.wordpress.com/2017/03/01/kellies-castle-ipoh/feed/index.html]
[widgets.wp.com/verbum-block-editor/block-editor421c.css]
[s1.wp.com/wp-content/mu-plugins/global-print/global-printbcec.css]
[s1.wp.com/_static/indexba1f.html]
[s2.wp.com/i/webclip.png]
[gyppotravelreviews.wordpress.com/wp-content/uploads/2017/03/img_57025220.jpg]
[gyppotravelreviews.wordpress.com/wp-content/uploads/2017/03/img_5707.jpg]
[gyppotravelreviews.wordpress.com/wp-content/uploads/2017/03/img_57076bc8.jpg]
[gyppotravelreviews.wordpress.com/wp-content/uploads/2017/03/img_5712.jpg]
[gyppotravelreviews.wordpress.com/wp-content/uploads/2017/03/img_57126bc8.jpg]
[gyppotravelreviews.wordpress.com/wp-content/uploads/2017/03/img_5713-1.jpg]
[gyppotravelreviews.wordpress.com/wp-content/uploads/2017/03/img_5719.jpg]
[gyppotravelreviews.wordpress.com/wp-content/uploads/2017/03/img_5719423a.jpg]
[gyppotravelreviews.wordpress.com/wp-content/uploads/2017/03/img_5714.jpg]
[gyppotravelreviews.wordpress.com/wp-content/uploads/2017/03/img_5714423a.jpg]
[gyppotravelreviews.wordpress.com/wp-content/uploads/2017/03/img_5710.jpg]
[gyppotravelreviews.wordpress.com/wp-content/uploads/2017/03/img_5710423a.jpg]
[gyppotravelreviews.wordpress.com/wp-content/uploads/2017/03/img_5718.jpg]
[gyppotravelreviews.wordpress.com/wp-content/uploads/2017/03/img_5718423a.jpg]
[0.gravatar.com/js/hovercards/hovercards.minda24.js]
[s2.wp.com/wp-content/mu-plugins/gravatar-hovercards/wpgrohoe8bd.js]
[s2.wp.com/i/logo/wpcom-gray-white.png]
[s0.wp.com/wp-content/mu-plugins/actionbar/actionbardcca.css]
[s0.wp.com/wp-content/mu-plugins/actionbar/actionbar4dc1.js]
[stats.wp.com/w735b.js]
[pixel.wp.com/b0b80.gif]
[gyppotravelreviews.wordpress.com/2017/03/01/kellies-castle-ipoh/index.html]
[gyppotravelreviews.wordpress.com/wp-content/js/bilmur-4.min0bc3.js]
[s1.wp.com/_static/indexd02a.html]
[s0.wp.com/i/loading/dark-200.gif]
[s0.wp.com/wp-content/mu-plugins/jetpack-mu-wpcom-plugin/sun/vendor/automattic/jetpack-mu-wpcom/src/build/verbum-comments/verbum-comments1362.css]
[widgets.wp.com/verbum-block-editor/block-editor421c.css]
[s1.wp.com/_static/indexba1f.html]
[s1.wp.com/wp-content/mu-plugins/global-print/global-printbcec.css]
[gyppotravelreviews.wordpress.com/wp-content/uploads/2017/03/img_5707.jpg]
[gyppotravelreviews.wordpress.com/wp-content/uploads/2017/03/img_57126bc8.jpg]
[gyppotravelreviews.wordpress.com/wp-content/uploads/2017/03/img_5712.jpg]
[gyppotravelreviews.wordpress.com/wp-content/uploads/2017/03/img_5713-1.jpg]
[gyppotravelreviews.wordpress.com/wp-content/uploads/2017/03/img_5713-16bc8.jpg]
[gyppotravelreviews.wordpress.com/wp-content/uploads/2017/03/img_5716.jpg]
[gyppotravelreviews.wordpress.com/wp-content/uploads/2017/03/img_5716423a.jpg]
[gyppotravelreviews.wordpress.com/wp-content/uploads/2017/03/img_5717.jpg]
[gyppotravelreviews.wordpress.com/wp-content/uploads/2017/03/img_57176bc8.jpg]
[gyppotravelreviews.wordpress.com/wp-content/uploads/2017/03/img_5720.jpg]
[gyppotravelreviews.wordpress.com/wp-content/uploads/2017/03/img_5720423a.jpg]
[gyppotravelreviews.wordpress.com/2017/03/01/kellies-castle-ipoh/index9a7b.html]
[gyppotravelreviews.wordpress.com/2017/03/01/kellies-castle-ipoh/index5a58.html]
[s0.wp.com/wp-content/mu-plugins/actionbar/actionbardcca.css]
